Godot Engine v4.7.1.stable.official.a13da4feb - https://godotengine.org

ERROR: Failed to read the root certificate store.
   at: get_system_ca_certificates (platform/windows/os_windows.cpp:2582)

===== 敌方AI 行动方案 · 总评分 29.4 · 1 步 =====
 · 鼠队长 原地 → 攻击 独脚龟（此击可击杀 hp1≤攻4）  [本步 Δ+5.0]
 · 局面纯评分：24.4 → 29.4（决策总评含难度抖动=29.4）
===== 决策输出结束 =====
AI[相邻1HP] plan=[{ "idx": 0, "action": { "move": <null>, "atk": 1 } }]
T1 击杀优先: PASS

===== 敌方AI 行动方案 · 总评分 -16.0 · 1 步 =====
 · 火枪手 移动 (3, 6)→(2, 6)(保持/拉距、避威胁(-2伤)) → 攻击 复仇者（造成1伤，剩hp29）  [本步 Δ+9.1]
 · 局面纯评分：-25.1 → -16.0（决策总评含难度抖动=-16.0）
===== 决策输出结束 =====
AI[远程被贴脸] plan=[{ "idx": 0, "action": { "move": (2, 6), "atk": 1 } }]
T2 远程被贴脸 plan=[{ "idx": 0, "action": { "move": (2, 6), "atk": 1 } }]

===== 敌方AI 行动方案 · 总评分 62.5 · 2 步 =====
 · 鼠队长 原地 → 攻击 独脚龟（造成4伤，剩hp1）  [本步 Δ+17.7]
 · 鼠队长 移动 (4, 6)→(3, 5)(保持/拉距) → 不攻击  [本步 Δ-0.5]
 · 局面纯评分：45.3 → 62.5（决策总评含难度抖动=62.5）
===== 决策输出结束 =====
AI[两敌集火] plan=[{ "idx": 0, "action": { "move": <null>, "atk": 2 } }, { "idx": 1, "action": { "move": (3, 5), "atk": -1 } }]
T3 集火目标次数: 1 -> PASS
T4 远程贴身被反击: 攻方 20 -> 18 => PASS
T5 远程远距不被反击: 攻方 20 -> 20 => PASS
T6 远程贴面板: 远=4 贴=1 => PASS
T7 远程贴身+buff: 攻=3 => PASS
T8 变身触发回合开始技能: 变身=true 丢矿=true => PASS
T9 圣诞(替补登场)不立即放道具: 道具=0 => PASS
T10 血锁直线限制: 直线=true 非直线=false => PASS
T11 血锁视线阻挡: 隔墙=false 无墙=true => PASS
T12 战锤麻痹0反击0伤: 战锤 24->24 目标atkdown=true => PASS
T13 非矿工不捡金矿: 升攻=false 金矿保留=true => PASS
T14 矿工捡金矿: 升攻=true 金矿消失=true => PASS
T15 变身替补英雄不触发替补效果: 变身=true 队友圣盾=false => PASS
T16 变身保留永久攻加成: 变身=true 攻=5 => PASS

===== 敌方AI 行动方案 · 总评分 -37.9 · 1 步 =====
 · 骷髅兵 移动 (3, 6)→(3, 5)(保持/拉距) → 攻击 独脚龟（造成1伤，剩hp32）  [本步 Δ+12.6]
 · 局面纯评分：-50.5 → -37.9（决策总评含难度抖动=-37.9）
===== 决策输出结束 =====
AI[骷髅兵贴脸] plan=[{ "idx": 0, "action": { "move": (3, 5), "atk": 1 } }]
T17 骷髅兵贴脸咬人: plan=[{ "idx": 0, "action": { "move": (3, 5), "atk": 1 } }] 攻击=true => PASS
T18 攻击buff一次性: 攻击时=5 攻击后=4 => PASS
T19 移动buff一次性: 移动时=4 移动后=3 => PASS

===== 敌方AI 行动方案 · 总评分 29.4 · 1 步 =====
 · 鼠队长 原地 → 攻击 独脚龟（此击可击杀 hp1≤攻4）  [本步 Δ+5.0]
 · 局面纯评分：24.4 → 29.4（决策总评含难度抖动=29.4）
===== 决策输出结束 =====
AI[能攻残血] plan=[{ "idx": 0, "action": { "move": <null>, "atk": 1 } }]
T20 能攻残血就打: plan=[{ "idx": 0, "action": { "move": <null>, "atk": 1 } }] 攻击=true => PASS

===== 敌方AI 行动方案 · 总评分 -2.3 · 1 步 =====
 · 大骑士 移动 (3, 6)→(3, 5)(贴近玩家(近1格)) → 攻击 独脚龟（造成2伤，剩hp31）  [本步 Δ+14.9]
 · 局面纯评分：-17.2 → -2.3（决策总评含难度抖动=-2.3）
===== 决策输出结束 =====
AI[大骑士冲锋] plan=[{ "idx": 0, "action": { "move": (3, 5), "atk": 1 } }]
T21 大骑士冲锋攻击: plan=[{ "idx": 0, "action": { "move": (3, 5), "atk": 1 } }] 移动=true 攻击=true => PASS
T22 队伍仅替补席: team=["hero_42", "hero_43"] => PASS
T23 敌方落位分散: cols=[0, 4, 2] => PASS
T24 捡移动buff保留: move_use_buff=1 eff_move=4 => PASS
