Godot Engine v4.7.1.stable.official.a13da4feb - https://godotengine.org

[AI替补上人前] 名单（4 人）：小阴影、超新星、涌电技师、黄金矿工

[AI替补上人] 场况：嘲讽0 治疗族0 伤员2 输出3(攻和11) 远程1 ｜ 对面核心=嬉皮死神（已被克制=false）
[AI替补上人] 需求判定（优先级从上到下；**条件成立 ＋ 名单里有人够格** 才采用）：
    缺前排：条件成立 ｜ 名单够格：无 ｜ 跳过（名单里没人够格）
    缺治疗：条件成立 ｜ 名单够格：无 ｜ 跳过（名单里没人够格）
    需克制：条件成立 ｜ 名单够格：无 ｜ 跳过（名单里没人够格）
    缺输出：条件不成立 ｜ 名单够格：小阴影、超新星 ｜ 跳过
    缺射程：条件不成立 ｜ 名单够格：超新星 ｜ 跳过
[AI替补上人] 预设替补 4 人 · 需求 = 兜底（无缺口）
  - 黄金矿工 价值20.6（身价20.6 ＋ 优先价0 ＋ 需求加分0.0）（常规）
  - 涌电技师 价值19.9（身价17.6 ＋ 优先价0 ＋ 需求加分0.0）（支援伤员）
  - 小阴影 价值19.5（身价19.5 ＋ 优先价0 ＋ 需求加分0.0）（常规）
  - 超新星 价值18.5（身价18.5 ＋ 优先价0 ＋ 需求加分0.0）（常规）
[AI替补上人] 需求制建议：上 黄金矿工（预设名单里最高分；最终以本条下面的「实际上场」为准）
[AI替补上人] 收尾优先：名单里有人能收掉残血目标，但**我方本回合自己就收得掉**（队友 9 ≥ 需要 1）且不是斩杀局 ⇒ **不覆盖**，仍按需求制上人。
[AI替补上人] → **实际上场 = 黄金矿工**（名单第 3 位）

[AI替补上人] 场况：嘲讽0 治疗族0 伤员2 输出3(攻和11) 远程1 ｜ 对面核心=嬉皮死神（已被克制=false）
[AI替补上人] 需求判定（优先级从上到下；**条件成立 ＋ 名单里有人够格** 才采用）：
    缺前排：条件成立 ｜ 名单够格：无 ｜ 跳过（名单里没人够格）
    缺治疗：条件成立 ｜ 名单够格：无 ｜ 跳过（名单里没人够格）
    需克制：条件成立 ｜ 名单够格：无 ｜ 跳过（名单里没人够格）
    缺输出：条件不成立 ｜ 名单够格：小阴影、超新星 ｜ 跳过
    缺射程：条件不成立 ｜ 名单够格：超新星 ｜ 跳过
[AI替补上人] 预设替补 4 人 · 需求 = 兜底（无缺口）
  - 黄金矿工 价值20.6（身价20.6 ＋ 优先价0 ＋ 需求加分0.0）（常规）
  - 涌电技师 价值19.9（身价17.6 ＋ 优先价0 ＋ 需求加分0.0）（支援伤员）
  - 小阴影 价值19.5（身价19.5 ＋ 优先价0 ＋ 需求加分0.0）（常规）
  - 超新星 价值18.5（身价18.5 ＋ 优先价0 ＋ 需求加分0.0）（常规）
[AI替补上人] 需求制建议：上 黄金矿工（预设名单里最高分；最终以本条下面的「实际上场」为准）
[AI替补上人·搜索选人] 候选 黄金矿工 ⇒ 本回合可收玩家方 1 个｜末态分 41.8
[AI替补上人·搜索选人] 候选 小阴影 ⇒ 本回合可收玩家方 1 个｜末态分 69.2
[AI替补上人·搜索选人] 候选 超新星 ⇒ 本回合可收玩家方 1 个｜末态分 70.5
[AI替补上人·搜索选人] 没有候选比需求制多收人头（需求制 1 个 vs 最好 1 个）⇒ 不改，仍按需求制上人。
AB|预算=800ms｜墙钟=4890ms｜实际上场=hero_42

===== 敌方 AI 本回合：3 个单位 · 5 步 · 思考 9.1s / 上限 40s（未超时） =====
     [⑥可接受伤害] 阈值 4（够得到人的 = 8）· 受约束 0 个（没有够不到人的） · 够得到人的 3 个按 8 罚
     [搜索分账] 阶段1（走位）0.8s：阵型 96 套 → 送阶段2 32 套（上限 32） · 阶段2（出手）8.3s：完整计划 465 个 · 阶段1 评分 146 次（同末态去重丢 107 条 = 42%） · 阶段2 评分 1719 次（同末态去重丢 2208 条 = 56%） · 阶段1分账：英雄 253 条/评分 146 · 召唤物 0 条/评分 0（召唤物只走攻击位：开）
 · 红帽：只走到 (1, 4)（这一步不出手）
     原因：这一格挨打收在阈值内
     本步分项：⑥规则B +2.0（合计 +2.0）
     下回合在这一格挨不到打（0 伤）
 · 长剑：只走到 (1, 5)（这一步不出手）
     原因：各评分项几乎没有变化（这一步与上一步基本等价）
     本步分项：⑦核心风险 +0.1（合计 +0.1）
     下回合在这一格挨不到打（0 伤）
 · 长剑：原地打 负墟（约 3 伤，这一击能击杀）
     原因：继续集火同一个目标、换掉对面更值钱的单位、㉖暴露总量 变好
     为什么打的是它：它带[嘲讽] ⇒ 只能打它
     其它敌人：嬉皮死神 够不到；血锁 从起点格够得到，但开火格也够得到[嘲讽] ⇒ 被[嘲讽]门挡下
     下回合在这一格挨不到打（0 伤）
 · 红帽：原地打 嬉皮死神（约 5 伤）
     原因：继续集火同一个目标、自己这边要掉血
     为什么打的是它：没有别的能打到的目标（够不到）
     其它敌人：血锁 够不到
     下回合在这一格挨不到打（0 伤）
 · 小阴影：原地打 嬉皮死神（约 3 伤）
     原因：换掉对面更值钱的单位、继续集火同一个目标、更接近赢
     为什么打的是它：换成「从 (2, 4) 走到 (3, 4)血锁（约 3 伤）会少 90.7 分」—— 打它赢在「换掉对面更值钱的单位、继续集火同一个目标、更接近赢」，那些备选只赢在「㉖暴露总量 变差、继续集火同一个目标、站这里更容易被集火」
     分差明细（现在这一手 − 那条备选）：②身价 +27.2 · ⑩终局项 +22.5 · ④集火frac² +21.6 · ㉖暴露总量 +10.0 · ③血量账 +5.2 · 其余已列 1 项合计 +1.9 · 其它(未列) +2.3 ⚠️ 明细与分差对不上（差 2.3 ⇒ 明细基准不同、属日志 bug）
     下回合在这一格会挨 2 伤（血锁2）
===== 本回合决策结束 =====
CHAIN2|超新星已换成小阴影(2,4)｜本回合计划：红帽 → (1, 4)（只走位） ｜ 长剑 → (1, 5)（只走位） ｜ 长剑 打 负墟：1→0　**击杀** ｜ 红帽 打 嬉皮死神：11→6 ｜ 小阴影 打 嬉皮死神：6→0　**击杀**
CHAIN2|结算|本回合玩家方阵亡：0 ⇒ 2（本回合多收 2 个）
AB|END
