10-03 01:51:52  ===== 守护启动（PID 13428）：等隔壁训练跑完 =====
10-03 01:51:52  判据：无窗口 Godot=0 · 近 3 分钟无写入 · 30 分钟内无新锁 ⇒ 连续 3 次（每 120s 探一次）
10-03 01:51:52  跑什么：全流程.ps1 -Seeds 100 -Workers 12 -AbSeeds 32 -AceSeeds 32（预计 3 小时：采数据 400 局 → 拟合闸门 → A/B 128 局 → 验收 128 局）
10-03 01:52:08  还在忙：批进程 11 · 近3分钟写入 67 (nm1_rg3(67)) · 新锁 1
10-03 01:54:22  还在忙：批进程 10 · 近3分钟写入 55 (nm1_rg3(55)) · 新锁 1
10-03 01:56:32  还在忙：批进程 5 · 近3分钟写入 55 (nm1_rg3(55)) · 新锁 1
10-03 01:58:42  还在忙：批进程 4 · 近3分钟写入 31 (nm1_rg3(31)) · 新锁 1
10-03 02:00:53  还在忙：批进程 1 · 近3分钟写入 22 (nm1_rg3(22)) · 新锁 1
10-03 02:03:08  还在忙：批进程 11 · 近3分钟写入 45 (nm1_in12(30)) · 新锁 1
10-03 02:05:23  还在忙：批进程 10 · 近3分钟写入 70 (nm1_in12(70)) · 新锁 1
10-03 02:07:38  还在忙：批进程 10 · 近3分钟写入 40 (nm1_in12(40)) · 新锁 1
10-03 02:09:59  还在忙：批进程 13 · 近3分钟写入 69 (nm1_in12(58)) · 新锁 2
10-03 02:12:20  还在忙：批进程 14 · 近3分钟写入 72 (nm1_in12(61)) · 新锁 2
10-03 02:14:42  还在忙：批进程 13 · 近3分钟写入 69 (nm1_in12(58)) · 新锁 2
10-03 02:17:00  还在忙：批进程 14 · 近3分钟写入 85 (nm1_in12(64)) · 新锁 2
10-03 02:19:15  还在忙：批进程 11 · 近3分钟写入 71 (nm1_in12(56)) · 新锁 1
10-03 02:21:26  还在忙：批进程 6 · 近3分钟写入 65 (nm1_in12(52)) · 新锁 1
10-03 02:23:37  还在忙：批进程 5 · 近3分钟写入 30 (nm1_in12(30)) · 新锁 1
10-03 02:25:47  还在忙：批进程 1 · 近3分钟写入 22 (nm1_in12(22)) · 新锁 1
10-03 02:28:03  还在忙：批进程 11 · 近3分钟写入 51 (nm1_in8(40)) · 新锁 1
10-03 02:30:20  还在忙：批进程 11 · 近3分钟写入 73 (nm1_in8(73)) · 新锁 1
10-03 02:32:42  还在忙：批进程 15 · 近3分钟写入 57 (nm1_in8(46)) · 新锁 2
10-03 02:35:01  还在忙：批进程 14 · 近3分钟写入 61 (nm1_in8(55)) · 新锁 2
10-03 02:37:18  还在忙：批进程 12 · 近3分钟写入 92 (nm1_in8(79)) · 新锁 1
10-03 02:39:35  还在忙：批进程 11 · 近3分钟写入 73 (nm1_in8(73)) · 新锁 1
10-03 02:41:51  还在忙：批进程 11 · 近3分钟写入 64 (nm1_in8(64)) · 新锁 1
10-03 02:44:06  还在忙：批进程 9 · 近3分钟写入 58 (nm1_in8(58)) · 新锁 1
10-03 02:46:20  还在忙：批进程 6 · 近3分钟写入 33 (nm1_in8(33)) · 新锁 1
10-03 02:48:33  还在忙：批进程 3 · 近3分钟写入 26 (nm1_in8(26)) · 新锁 1
10-03 02:50:46  还在忙：批进程 1 · 近3分钟写入 38 (nm1_in8(19)) · 新锁 1
10-03 02:53:06  还在忙：批进程 11 · 近3分钟写入 51 (nm1_v3(40)) · 新锁 1
10-03 02:55:23  还在忙：批进程 11 · 近3分钟写入 61 (nm1_v3(61)) · 新锁 1
10-03 02:57:40  还在忙：批进程 11 · 近3分钟写入 58 (nm1_v3(58)) · 新锁 1
10-03 02:59:57  还在忙：批进程 11 · 近3分钟写入 44 (nm1_v3(44)) · 新锁 1
10-03 03:02:15  还在忙：批进程 11 · 近3分钟写入 52 (nm1_v3(52)) · 新锁 1
10-03 03:04:31  还在忙：批进程 11 · 近3分钟写入 62 (nm1_v3(62)) · 新锁 1
10-03 03:06:48  还在忙：批进程 11 · 近3分钟写入 66 (nm1_v3(66)) · 新锁 1
10-03 03:09:06  还在忙：批进程 11 · 近3分钟写入 46 (nm1_v3(46)) · 新锁 1
10-03 03:11:23  还在忙：批进程 11 · 近3分钟写入 58 (nm1_v3(58)) · 新锁 1
10-03 03:13:38  还在忙：批进程 10 · 近3分钟写入 55 (nm1_v3(55)) · 新锁 1
10-03 03:15:54  还在忙：批进程 10 · 近3分钟写入 115 (nm1_v3(115)) · 新锁 1
10-03 03:18:10  还在忙：批进程 10 · 近3分钟写入 76 (nm1_v3(76)) · 新锁 1
10-03 03:20:25  还在忙：批进程 10 · 近3分钟写入 61 (nm1_v3(61)) · 新锁 1
10-03 03:22:39  还在忙：批进程 10 · 近3分钟写入 48 (nm1_v3(48)) · 新锁 0
10-03 03:24:54  还在忙：批进程 10 · 近3分钟写入 61 (nm1_v3(61)) · 新锁 0
10-03 03:27:07  还在忙：批进程 4 · 近3分钟写入 34 (nm1_v3(34)) · 新锁 0
10-03 03:29:20  还在忙：批进程 0 · 近3分钟写入 26 (nm1_v4(12)) · 新锁 1
10-03 03:31:35  还在忙：批进程 10 · 近3分钟写入 64 (nm1_v4(60)) · 新锁 1
10-03 03:33:50  还在忙：批进程 10 · 近3分钟写入 62 (nm1_v4(62)) · 新锁 1
10-03 03:36:05  还在忙：批进程 10 · 近3分钟写入 44 (nm1_v4(44)) · 新锁 1
10-03 03:38:20  还在忙：批进程 9 · 近3分钟写入 26 (nm1_v4(26)) · 新锁 1
10-03 03:40:35  还在忙：批进程 10 · 近3分钟写入 64 (nm1_v4(64)) · 新锁 1
10-03 03:42:49  还在忙：批进程 10 · 近3分钟写入 76 (nm1_v4(76)) · 新锁 1
10-03 03:45:04  还在忙：批进程 10 · 近3分钟写入 61 (nm1_v4(61)) · 新锁 1
10-03 03:47:19  还在忙：批进程 10 · 近3分钟写入 56 (nm1_v4(56)) · 新锁 1
10-03 03:49:34  还在忙：批进程 10 · 近3分钟写入 58 (nm1_v4(58)) · 新锁 1
10-03 03:51:49  还在忙：批进程 10 · 近3分钟写入 56 (nm1_v4(56)) · 新锁 1
10-03 03:54:04  还在忙：批进程 10 · 近3分钟写入 64 (nm1_v4(64)) · 新锁 1
10-03 03:56:19  还在忙：批进程 10 · 近3分钟写入 57 (nm1_v4(57)) · 新锁 1
10-03 03:58:33  还在忙：批进程 10 · 近3分钟写入 64 (nm1_v4(64)) · 新锁 1
10-03 04:00:48  还在忙：批进程 9 · 近3分钟写入 63 (nm1_v4(63)) · 新锁 0
10-03 04:03:02  还在忙：批进程 10 · 近3分钟写入 50 (nm1_v4(50)) · 新锁 0
10-03 04:05:16  还在忙：批进程 10 · 近3分钟写入 30 (nm1_v4(30)) · 新锁 0
10-03 04:07:29  还在忙：批进程 4 · 近3分钟写入 15 (nm1_v4(15)) · 新锁 0
10-03 04:09:42  还在忙：批进程 2 · 近3分钟写入 7 (nm1_v4(7)) · 新锁 0
10-03 04:11:52  还在忙：批进程 0 · 近3分钟写入 4 (nm1_v4(4)) · 新锁 0
10-03 04:14:07  还在忙：批进程 10 · 近3分钟写入 32 (nm1_nx(30)) · 新锁 1
10-03 04:16:22  还在忙：批进程 10 · 近3分钟写入 70 (nm1_nx(70)) · 新锁 1
10-03 04:18:36  还在忙：批进程 10 · 近3分钟写入 45 (nm1_nx(45)) · 新锁 1
10-03 04:20:51  还在忙：批进程 10 · 近3分钟写入 61 (nm1_nx(61)) · 新锁 1
10-03 04:23:05  还在忙：批进程 10 · 近3分钟写入 70 (nm1_nx(70)) · 新锁 1
10-03 04:25:21  还在忙：批进程 10 · 近3分钟写入 64 (nm1_nx(64)) · 新锁 1
10-03 04:27:36  还在忙：批进程 10 · 近3分钟写入 73 (nm1_nx(73)) · 新锁 1
10-03 04:29:51  还在忙：批进程 10 · 近3分钟写入 67 (nm1_nx(67)) · 新锁 1
10-03 04:32:06  还在忙：批进程 10 · 近3分钟写入 66 (nm1_nx(66)) · 新锁 1
10-03 04:34:20  还在忙：批进程 10 · 近3分钟写入 57 (nm1_nx(57)) · 新锁 1
10-03 04:36:35  还在忙：批进程 10 · 近3分钟写入 64 (nm1_nx(64)) · 新锁 1
10-03 04:38:50  还在忙：批进程 10 · 近3分钟写入 70 (nm1_nx(70)) · 新锁 1
10-03 04:41:05  还在忙：批进程 10 · 近3分钟写入 55 (nm1_nx(55)) · 新锁 1
10-03 04:43:20  还在忙：批进程 10 · 近3分钟写入 70 (nm1_nx(70)) · 新锁 0
10-03 04:45:35  还在忙：批进程 10 · 近3分钟写入 67 (nm1_nx(67)) · 新锁 0
10-03 04:47:49  还在忙：批进程 8 · 近3分钟写入 48 (nm1_nx(48)) · 新锁 0
10-03 04:50:02  还在忙：批进程 2 · 近3分钟写入 18 (nm1_nx(18)) · 新锁 0
10-03 04:52:18  还在忙：批进程 4 · 近3分钟写入 41 (nm1_nx(40)) · 新锁 1
10-03 04:54:33  还在忙：批进程 10 · 近3分钟写入 46 (nm1_nx(45)) · 新锁 1
10-03 04:56:48  还在忙：批进程 10 · 近3分钟写入 73 (nm1_nx(73)) · 新锁 1
10-03 04:59:02  还在忙：批进程 10 · 近3分钟写入 46 (nm1_nx(46)) · 新锁 1
10-03 05:01:16  还在忙：批进程 10 · 近3分钟写入 58 (nm1_nx(58)) · 新锁 1
10-03 05:03:32  还在忙：批进程 10 · 近3分钟写入 73 (nm1_nx(73)) · 新锁 1
10-03 05:05:47  还在忙：批进程 10 · 近3分钟写入 67 (nm1_nx(67)) · 新锁 1
10-03 05:08:02  还在忙：批进程 10 · 近3分钟写入 64 (nm1_nx(64)) · 新锁 1
10-03 05:10:16  还在忙：批进程 10 · 近3分钟写入 67 (nm1_nx(67)) · 新锁 1
10-03 05:12:31  还在忙：批进程 10 · 近3分钟写入 58 (nm1_nx(58)) · 新锁 1
10-03 05:14:46  还在忙：批进程 10 · 近3分钟写入 76 (nm1_nx(76)) · 新锁 1
10-03 05:17:01  还在忙：批进程 9 · 近3分钟写入 79 (nm1_nx(79)) · 新锁 1
10-03 05:19:15  还在忙：批进程 10 · 近3分钟写入 64 (nm1_nx(64)) · 新锁 1
10-03 05:21:30  还在忙：批进程 10 · 近3分钟写入 52 (nm1_nx(52)) · 新锁 1
10-03 05:23:45  还在忙：批进程 10 · 近3分钟写入 61 (nm1_nx(61)) · 新锁 0
10-03 05:25:59  还在忙：批进程 10 · 近3分钟写入 67 (nm1_nx(67)) · 新锁 0
10-03 05:28:15  还在忙：批进程 10 · 近3分钟写入 54 (nm1_nx(54)) · 新锁 0
10-03 05:30:30  还在忙：批进程 10 · 近3分钟写入 64 (nm1_nx(64)) · 新锁 0
10-03 05:32:44  还在忙：批进程 10 · 近3分钟写入 70 (nm1_nx(70)) · 新锁 0
10-03 05:34:59  还在忙：批进程 10 · 近3分钟写入 49 (nm1_nx(49)) · 新锁 0
10-03 05:37:13  还在忙：批进程 10 · 近3分钟写入 64 (nm1_nx(64)) · 新锁 0
10-03 05:39:28  还在忙：批进程 10 · 近3分钟写入 58 (nm1_nx(58)) · 新锁 0
10-03 05:41:43  还在忙：批进程 10 · 近3分钟写入 70 (nm1_nx(70)) · 新锁 0
10-03 05:43:58  还在忙：批进程 10 · 近3分钟写入 67 (nm1_nx(67)) · 新锁 0
10-03 05:46:12  还在忙：批进程 10 · 近3分钟写入 70 (nm1_nx(70)) · 新锁 0
10-03 05:48:27  还在忙：批进程 10 · 近3分钟写入 52 (nm1_nx(52)) · 新锁 0
10-03 05:50:41  还在忙：批进程 10 · 近3分钟写入 64 (nm1_nx(64)) · 新锁 0
10-03 05:52:57  还在忙：批进程 10 · 近3分钟写入 58 (nm1_nx(58)) · 新锁 0
10-03 05:55:12  还在忙：批进程 10 · 近3分钟写入 58 (nm1_nx(58)) · 新锁 0
10-03 05:57:27  还在忙：批进程 10 · 近3分钟写入 52 (nm1_nx(52)) · 新锁 0
10-03 05:59:41  还在忙：批进程 10 · 近3分钟写入 57 (nm1_nx(57)) · 新锁 0
10-03 06:01:56  还在忙：批进程 10 · 近3分钟写入 58 (nm1_nx(58)) · 新锁 0
10-03 06:04:12  还在忙：批进程 10 · 近3分钟写入 52 (nm1_nx(52)) · 新锁 0
10-03 06:06:27  还在忙：批进程 10 · 近3分钟写入 58 (nm1_nx(58)) · 新锁 0
10-03 06:08:41  还在忙：批进程 10 · 近3分钟写入 70 (nm1_nx(70)) · 新锁 0
10-03 06:10:56  还在忙：批进程 10 · 近3分钟写入 46 (nm1_nx(46)) · 新锁 0
10-03 06:13:10  还在忙：批进程 10 · 近3分钟写入 64 (nm1_nx(64)) · 新锁 0
10-03 06:15:25  还在忙：批进程 10 · 近3分钟写入 60 (nm1_nx(60)) · 新锁 0
10-03 06:17:41  还在忙：批进程 10 · 近3分钟写入 45 (nm1_nx(45)) · 新锁 0
10-03 06:19:55  还在忙：批进程 10 · 近3分钟写入 61 (nm1_nx(61)) · 新锁 0
10-03 06:22:11  还在忙：批进程 10 · 近3分钟写入 70 (nm1_nx(70)) · 新锁 0
10-03 06:24:25  还在忙：批进程 10 · 近3分钟写入 49 (nm1_nx(49)) · 新锁 0
10-03 06:26:40  还在忙：批进程 10 · 近3分钟写入 64 (nm1_nx(64)) · 新锁 0
10-03 06:28:55  还在忙：批进程 10 · 近3分钟写入 56 (nm1_nx(56)) · 新锁 0
10-03 06:31:10  还在忙：批进程 10 · 近3分钟写入 64 (nm1_nx(64)) · 新锁 0
10-03 06:33:24  还在忙：批进程 10 · 近3分钟写入 74 (nm1_nx(74)) · 新锁 0
10-03 06:35:39  还在忙：批进程 10 · 近3分钟写入 64 (nm1_nx(64)) · 新锁 0
10-03 06:37:54  还在忙：批进程 10 · 近3分钟写入 73 (nm1_nx(73)) · 新锁 0
10-03 06:40:09  还在忙：批进程 10 · 近3分钟写入 52 (nm1_nx(52)) · 新锁 0
10-03 06:42:24  还在忙：批进程 10 · 近3分钟写入 51 (nm1_nx(51)) · 新锁 0
10-03 06:44:39  还在忙：批进程 10 · 近3分钟写入 52 (nm1_nx(52)) · 新锁 0
10-03 06:46:54  还在忙：批进程 10 · 近3分钟写入 61 (nm1_nx(61)) · 新锁 0
10-03 06:49:09  还在忙：批进程 10 · 近3分钟写入 58 (nm1_nx(58)) · 新锁 0
10-03 06:51:24  还在忙：批进程 10 · 近3分钟写入 61 (nm1_nx(61)) · 新锁 0
10-03 06:53:39  还在忙：批进程 10 · 近3分钟写入 67 (nm1_nx(67)) · 新锁 0
10-03 06:55:54  还在忙：批进程 10 · 近3分钟写入 55 (nm1_nx(55)) · 新锁 0
10-03 06:58:09  还在忙：批进程 8 · 近3分钟写入 70 (nm1_nx(70)) · 新锁 0
10-03 07:00:24  还在忙：批进程 10 · 近3分钟写入 73 (nm1_nx(73)) · 新锁 0
10-03 07:02:38  还在忙：批进程 10 · 近3分钟写入 70 (nm1_nx(70)) · 新锁 0
10-03 07:04:53  还在忙：批进程 10 · 近3分钟写入 61 (nm1_nx(61)) · 新锁 0
10-03 07:07:10  还在忙：批进程 10 · 近3分钟写入 52 (nm1_nx(52)) · 新锁 0
10-03 07:09:26  还在忙：批进程 10 · 近3分钟写入 61 (nm1_nx(61)) · 新锁 0
10-03 07:11:41  还在忙：批进程 10 · 近3分钟写入 70 (nm1_nx(70)) · 新锁 0
10-03 07:13:53  还在忙：批进程 5 · 近3分钟写入 60 (nm1_nx(59)) · 新锁 1
10-03 07:16:04  还在忙：批进程 5 · 近3分钟写入 35 (nm1_nx(35)) · 新锁 1
10-03 07:18:15  还在忙：批进程 5 · 近3分钟写入 41 (nm1_nx(41)) · 新锁 1
10-03 07:20:26  还在忙：批进程 5 · 近3分钟写入 29 (nm1_nx(29)) · 新锁 1
10-03 07:22:37  还在忙：批进程 5 · 近3分钟写入 38 (nm1_nx(38)) · 新锁 1
10-03 07:24:48  还在忙：批进程 5 · 近3分钟写入 41 (nm1_nx(41)) · 新锁 1
10-03 07:26:59  还在忙：批进程 5 · 近3分钟写入 35 (nm1_nx(35)) · 新锁 1
10-03 07:29:09  还在忙：批进程 5 · 近3分钟写入 38 (nm1_nx(38)) · 新锁 1
10-03 07:31:20  还在忙：批进程 5 · 近3分钟写入 41 (nm1_nx(41)) · 新锁 1
10-03 07:33:30  还在忙：批进程 4 · 近3分钟写入 35 (nm1_nx(35)) · 新锁 1
10-03 07:35:41  还在忙：批进程 5 · 近3分钟写入 35 (nm1_nx(35)) · 新锁 1
10-03 07:37:52  还在忙：批进程 5 · 近3分钟写入 41 (nm1_nx(41)) · 新锁 1
10-03 07:40:03  还在忙：批进程 5 · 近3分钟写入 41 (nm1_nx(41)) · 新锁 1
10-03 07:42:14  还在忙：批进程 5 · 近3分钟写入 38 (nm1_nx(38)) · 新锁 1
10-03 07:44:24  还在忙：批进程 5 · 近3分钟写入 35 (nm1_nx(35)) · 新锁 0
10-03 07:46:35  还在忙：批进程 5 · 近3分钟写入 38 (nm1_nx(38)) · 新锁 0
10-03 07:48:46  还在忙：批进程 5 · 近3分钟写入 38 (nm1_nx(38)) · 新锁 0
10-03 07:50:56  还在忙：批进程 5 · 近3分钟写入 35 (nm1_nx(35)) · 新锁 0
10-03 07:53:08  还在忙：批进程 4 · 近3分钟写入 41 (nm1_nx(41)) · 新锁 0
10-03 07:55:18  还在忙：批进程 5 · 近3分钟写入 29 (nm1_nx(29)) · 新锁 0
10-03 07:57:29  还在忙：批进程 5 · 近3分钟写入 38 (nm1_nx(38)) · 新锁 0
10-03 07:59:40  还在忙：批进程 5 · 近3分钟写入 35 (nm1_nx(35)) · 新锁 0
10-03 08:01:50  还在忙：批进程 5 · 近3分钟写入 32 (nm1_nx(32)) · 新锁 0
10-03 08:04:01  还在忙：批进程 5 · 近3分钟写入 41 (nm1_nx(41)) · 新锁 0
10-03 08:06:12  还在忙：批进程 5 · 近3分钟写入 41 (nm1_nx(41)) · 新锁 0
10-03 08:08:22  还在忙：批进程 5 · 近3分钟写入 41 (nm1_nx(41)) · 新锁 0
10-03 08:10:34  还在忙：批进程 5 · 近3分钟写入 41 (nm1_nx(41)) · 新锁 0
10-03 08:12:44  还在忙：批进程 5 · 近3分钟写入 41 (nm1_nx(41)) · 新锁 0
10-03 08:14:55  还在忙：批进程 5 · 近3分钟写入 41 (nm1_nx(41)) · 新锁 0
10-03 08:17:05  还在忙：批进程 5 · 近3分钟写入 35 (nm1_nx(35)) · 新锁 0
10-03 08:19:15  还在忙：批进程 5 · 近3分钟写入 38 (nm1_nx(38)) · 新锁 0
10-03 08:21:26  还在忙：批进程 5 · 近3分钟写入 32 (nm1_nx(32)) · 新锁 0
10-03 08:23:37  还在忙：批进程 5 · 近3分钟写入 41 (nm1_nx(41)) · 新锁 0
10-03 08:25:48  还在忙：批进程 5 · 近3分钟写入 41 (nm1_nx(41)) · 新锁 0
10-03 08:27:58  还在忙：批进程 5 · 近3分钟写入 35 (nm1_nx(35)) · 新锁 0
10-03 08:30:09  还在忙：批进程 5 · 近3分钟写入 32 (nm1_nx(32)) · 新锁 0
10-03 08:32:20  还在忙：批进程 5 · 近3分钟写入 44 (nm1_nx(44)) · 新锁 0
10-03 08:34:30  还在忙：批进程 5 · 近3分钟写入 38 (nm1_nx(38)) · 新锁 0
10-03 08:36:41  还在忙：批进程 5 · 近3分钟写入 35 (nm1_nx(35)) · 新锁 0
10-03 08:38:52  还在忙：批进程 5 · 近3分钟写入 38 (nm1_nx(38)) · 新锁 0
10-03 08:41:02  还在忙：批进程 5 · 近3分钟写入 38 (nm1_nx(38)) · 新锁 0
10-03 08:43:13  还在忙：批进程 5 · 近3分钟写入 32 (nm1_nx(32)) · 新锁 0
10-03 08:45:24  还在忙：批进程 5 · 近3分钟写入 35 (nm1_nx(35)) · 新锁 0
10-03 08:47:34  还在忙：批进程 5 · 近3分钟写入 41 (nm1_nx(41)) · 新锁 0
10-03 08:49:45  还在忙：批进程 5 · 近3分钟写入 38 (nm1_nx(38)) · 新锁 0
10-03 08:51:55  还在忙：批进程 5 · 近3分钟写入 38 (nm1_nx(38)) · 新锁 0
10-03 08:54:06  还在忙：批进程 5 · 近3分钟写入 47 (nm1_nx(47)) · 新锁 0
10-03 08:56:17  还在忙：批进程 5 · 近3分钟写入 32 (nm1_nx(32)) · 新锁 0
10-03 08:58:28  还在忙：批进程 5 · 近3分钟写入 35 (nm1_nx(35)) · 新锁 0
10-03 09:00:38  还在忙：批进程 5 · 近3分钟写入 38 (nm1_nx(38)) · 新锁 0
10-03 09:02:49  还在忙：批进程 5 · 近3分钟写入 38 (nm1_nx(38)) · 新锁 0
10-03 09:04:59  还在忙：批进程 5 · 近3分钟写入 41 (nm1_nx(41)) · 新锁 0
10-03 09:07:10  还在忙：批进程 5 · 近3分钟写入 38 (nm1_nx(38)) · 新锁 0
10-03 09:09:20  还在忙：批进程 5 · 近3分钟写入 29 (nm1_nx(29)) · 新锁 0
10-03 09:11:31  还在忙：批进程 5 · 近3分钟写入 32 (nm1_nx(32)) · 新锁 0
10-03 09:13:42  还在忙：批进程 5 · 近3分钟写入 38 (nm1_nx(38)) · 新锁 0
10-03 09:15:52  还在忙：批进程 5 · 近3分钟写入 32 (nm1_nx(32)) · 新锁 0
10-03 09:18:03  还在忙：批进程 5 · 近3分钟写入 38 (nm1_nx(38)) · 新锁 0
10-03 09:20:13  还在忙：批进程 5 · 近3分钟写入 41 (nm1_nx(41)) · 新锁 0
10-03 09:22:24  还在忙：批进程 5 · 近3分钟写入 44 (nm1_nx(44)) · 新锁 0
10-03 09:24:34  还在忙：批进程 5 · 近3分钟写入 41 (nm1_nx(41)) · 新锁 0
10-03 09:26:45  还在忙：批进程 5 · 近3分钟写入 36 (nm1_nx(36)) · 新锁 0
10-03 09:28:56  还在忙：批进程 5 · 近3分钟写入 38 (nm1_nx(38)) · 新锁 0
10-03 09:31:06  还在忙：批进程 5 · 近3分钟写入 41 (nm1_nx(41)) · 新锁 0
10-03 09:33:17  还在忙：批进程 5 · 近3分钟写入 41 (nm1_nx(41)) · 新锁 0
10-03 09:35:27  还在忙：批进程 5 · 近3分钟写入 41 (nm1_nx(41)) · 新锁 0
10-03 09:37:38  还在忙：批进程 5 · 近3分钟写入 38 (nm1_nx(38)) · 新锁 0
10-03 09:39:49  还在忙：批进程 5 · 近3分钟写入 38 (nm1_nx(38)) · 新锁 0
10-03 09:41:59  还在忙：批进程 5 · 近3分钟写入 38 (nm1_nx(38)) · 新锁 0
10-03 09:44:10  还在忙：批进程 5 · 近3分钟写入 38 (nm1_nx(38)) · 新锁 0
10-03 09:46:21  还在忙：批进程 5 · 近3分钟写入 38 (nm1_nx(38)) · 新锁 0
10-03 09:48:31  还在忙：批进程 5 · 近3分钟写入 35 (nm1_nx(35)) · 新锁 0
10-03 09:50:42  还在忙：批进程 5 · 近3分钟写入 38 (nm1_nx(38)) · 新锁 0
10-03 09:52:53  还在忙：批进程 5 · 近3分钟写入 32 (nm1_nx(32)) · 新锁 0
10-03 09:55:03  还在忙：批进程 5 · 近3分钟写入 41 (nm1_nx(41)) · 新锁 0
10-03 09:57:14  还在忙：批进程 5 · 近3分钟写入 32 (nm1_nx(32)) · 新锁 0
10-03 09:59:25  还在忙：批进程 5 · 近3分钟写入 38 (nm1_nx(38)) · 新锁 0
10-03 10:01:36  还在忙：批进程 5 · 近3分钟写入 38 (nm1_nx(38)) · 新锁 0
10-03 10:03:46  还在忙：批进程 5 · 近3分钟写入 29 (nm1_nx(29)) · 新锁 0
10-03 10:05:57  还在忙：批进程 5 · 近3分钟写入 29 (nm1_nx(29)) · 新锁 0
10-03 10:08:07  还在忙：批进程 5 · 近3分钟写入 35 (nm1_nx(35)) · 新锁 0
10-03 10:10:18  还在忙：批进程 5 · 近3分钟写入 35 (nm1_nx(35)) · 新锁 0
10-03 10:12:29  还在忙：批进程 5 · 近3分钟写入 35 (nm1_nx(35)) · 新锁 0
10-03 10:14:40  还在忙：批进程 5 · 近3分钟写入 38 (nm1_nx(38)) · 新锁 0
10-03 10:16:51  还在忙：批进程 5 · 近3分钟写入 38 (nm1_nx(38)) · 新锁 0
10-03 10:19:02  还在忙：批进程 5 · 近3分钟写入 44 (nm1_nx(44)) · 新锁 0
10-03 10:21:12  还在忙：批进程 5 · 近3分钟写入 44 (nm1_nx(44)) · 新锁 0
10-03 10:23:23  还在忙：批进程 5 · 近3分钟写入 41 (nm1_nx(41)) · 新锁 0
10-03 10:25:34  还在忙：批进程 5 · 近3分钟写入 32 (nm1_nx(32)) · 新锁 0
10-03 10:27:45  还在忙：批进程 5 · 近3分钟写入 38 (nm1_nx(38)) · 新锁 0
10-03 10:29:55  还在忙：批进程 5 · 近3分钟写入 41 (nm1_nx(41)) · 新锁 0
10-03 10:32:06  还在忙：批进程 5 · 近3分钟写入 41 (nm1_nx(41)) · 新锁 0
10-03 10:34:17  还在忙：批进程 5 · 近3分钟写入 44 (nm1_nx(44)) · 新锁 0
10-03 10:36:28  还在忙：批进程 5 · 近3分钟写入 44 (nm1_nx(44)) · 新锁 0
10-03 10:38:38  还在忙：批进程 5 · 近3分钟写入 44 (nm1_nx(44)) · 新锁 0
10-03 10:40:49  还在忙：批进程 5 · 近3分钟写入 47 (nm1_nx(47)) · 新锁 0
10-03 10:42:59  还在忙：批进程 5 · 近3分钟写入 38 (nm1_nx(38)) · 新锁 0
10-03 10:45:10  还在忙：批进程 5 · 近3分钟写入 29 (nm1_nx(29)) · 新锁 0
10-03 10:47:21  还在忙：批进程 5 · 近3分钟写入 35 (nm1_nx(35)) · 新锁 0
10-03 10:49:32  还在忙：批进程 4 · 近3分钟写入 35 (nm1_nx(35)) · 新锁 0
10-03 10:51:43  还在忙：批进程 5 · 近3分钟写入 47 (nm1_nx(47)) · 新锁 0
10-03 10:53:53  还在忙：批进程 5 · 近3分钟写入 41 (nm1_nx(41)) · 新锁 0
10-03 10:56:04  还在忙：批进程 5 · 近3分钟写入 32 (nm1_nx(32)) · 新锁 0
10-03 10:58:15  还在忙：批进程 5 · 近3分钟写入 41 (nm1_nx(41)) · 新锁 0
10-03 11:00:26  还在忙：批进程 5 · 近3分钟写入 32 (nm1_nx(32)) · 新锁 0
10-03 11:02:37  还在忙：批进程 5 · 近3分钟写入 44 (nm1_nx(44)) · 新锁 0
10-03 11:04:48  还在忙：批进程 5 · 近3分钟写入 26 (nm1_nx(26)) · 新锁 0
10-03 11:06:59  还在忙：批进程 5 · 近3分钟写入 38 (nm1_nx(38)) · 新锁 0
10-03 11:09:09  还在忙：批进程 5 · 近3分钟写入 41 (nm1_nx(41)) · 新锁 0
10-03 11:11:20  还在忙：批进程 5 · 近3分钟写入 32 (nm1_nx(32)) · 新锁 0
10-03 11:13:31  还在忙：批进程 5 · 近3分钟写入 44 (nm1_nx(44)) · 新锁 0
10-03 11:15:41  还在忙：批进程 5 · 近3分钟写入 38 (nm1_nx(38)) · 新锁 0
10-03 11:17:52  还在忙：批进程 5 · 近3分钟写入 32 (nm1_nx(32)) · 新锁 0
10-03 11:20:02  还在忙：批进程 0 · 近3分钟写入 15 (nm1_nx(15)) · 新锁 0
10-03 11:22:11  还在忙：批进程 0 · 近3分钟写入 2 (nm1_nx(2)) · 新锁 0
10-03 11:24:21  空闲 1/3（批进程 0 · 近3分钟写入 0 · 新锁 0 · 你的窗口 0 个）
10-03 11:26:30  空闲 2/3（批进程 0 · 近3分钟写入 0 · 新锁 0 · 你的窗口 0 个）
10-03 11:28:40  空闲 3/3（批进程 0 · 近3分钟写入 0 · 新锁 0 · 你的窗口 0 个）
10-03 11:28:40  机器空了 ⇒ 开始 全流程.ps1（RL_SLOT_MAX=10）
10-03 11:28:40  ===== 自进化 全流程（采数据 100 种子 · 线程 12 · A/B 32 种子 · 验收 32 种子）=====
10-03 11:28:40    ① 采数据批 → evo_data_s100（400 局）
10-03 11:28:40    ② 拟合 → RL\自进化\系数.json（不达标不出文件 ⇒ 全流程停在闸门）
10-03 11:28:40    ③ A/B 计划 → .dsh\tmp\学系数_ab.json + RL\自进化\spec_学系数.json
10-03 11:28:40    ④ 配对批 ctl vs c0 → evo_ll_r1（128 局）
10-03 11:28:40    ⑤ 判定过了才采纳（改基因组 + 物化）
10-03 11:28:40    ⑥ 验收批 难度5 打 难度3 → evo_ace_s32（128 局）
10-03 11:28:40  
10-03 11:28:40  ===== ① 采数据 =====
10-03 11:28:42  [gen] data -> D:\Game creating\战旗\RL\weights\cand_evo_data_s100_data.json sha12=05f2b397639d fp=ee5a670611417293 beamA=200 beamB=200
10-03 12:03:46  FATAL: RuntimeException :: Invoke-ParallelCells: only 0 of 10 worker(s) reported a result; refusing to merge
10-03 12:05:49    采到样本 2106 条
10-03 12:05:49  
10-03 12:05:49  ===== ② 拟合（闸门：按局留出验证） =====
10-03 12:06:03    [读入] 记录文件 125 个 · 读到 2106 行 · 配上标签 1903 条 （配不上 203 条）· 标签总表 227 局 ⇒ 涉及 227 局
10-03 12:06:03    样本 1903 条 · 特征 102 项 · 正例率 0.612
10-03 12:06:03    ⚠️ 有效独立性：这些样本只来自 227 局（同局的样本共享同一个胜负标签）⇒ 真正独立的只有 227 个标签，别被样本条数骗了
10-03 12:06:03    [留出] 训练 170 局/1423 条 · 留出 57 局/480 条（按局切，同局样本不跨边）
10-03 12:06:03    [判据] 留出集准确率 0.790 vs 留出集多数类基线 0.660（差 +0.129，要求 > 0.030）· 训练集准确率 0.831（仅供参考，会过拟合）
10-03 12:06:03    学出来的系数（按绝对值前 10；正 = 这一项越大越容易赢）：
10-03 12:06:03       t_⑱荆棘封锁                +1.0934
10-03 12:06:03       t_⑲麻痹零攻                -0.9468
10-03 12:06:03       pos_1_5_my             +0.9158
10-03 12:06:03       pos_4_1_foe            -0.8899
10-03 12:06:03       pos_3_1_my             +0.8364
10-03 12:06:03       pos_0_4_my             +0.8131
10-03 12:06:03       pos_2_6_my             +0.7949
10-03 12:06:03       t_红帽·血线                -0.7797
10-03 12:06:03       pos_4_1_my             -0.7442
10-03 12:06:03       pos_3_6_my             -0.7127
10-03 12:06:03    → RL\自进化\系数.json
10-03 12:06:03  
10-03 12:06:03  ===== ③ A/B 计划（ctl = 冠军 · c0 = 冠军 + 学系数） =====
10-03 12:06:03    基因组 = RL/自进化/基因组.json（覆盖 3 项）
10-03 12:06:03    当前学系数状态：LEARNED_EVAL=- · LEARNED_COEF=-
10-03 12:06:03    → 两臂计划已写 .dsh\tmp\学系数_ab.json（ctl = 冠军 · c0 = 冠军 + 学系数；theta 共 3 个真键）
10-03 12:06:03      跑法：python RL\自进化\自进化_spec.py .dsh\tmp\学系数_ab.json RL\自进化\spec_学系数.json
10-03 12:06:03            powershell -File RL\train\Train.ps1 -Task gen -Run evo_ll_r1 -Spec RL\自进化\spec_学系数.json -Configs ctl,c0
10-03 12:06:03            powershell -File RL\train\Train.ps1 -Task run -Run evo_ll_r1 -Spec ... -Configs ctl,c0 -SeedSet train -MaxSeeds 32 -Firsts e,p -Asides e,p -Workers 12
10-03 12:06:03            python RL\自进化\自进化_判定.py --run evo_ll_r1 --control ctl --arms c0
10-03 12:06:03    spec → RL\自进化\spec_学系数.json ｜臂: [('ctl', 'RL/自进化/臂/学系数_ab_ctl.json'), ('c0', 'RL/自进化/臂/学系数_ab_c0.json')]
10-03 12:06:03  
10-03 12:06:03  ===== ④ 配对批 ctl vs c0 =====
10-03 12:06:04  [gen] ctl -> D:\Game creating\战旗\RL\自进化\臂\学系数_ab_ctl.json sha12=1438ad93e0df fp=ee5a670611417293 beamA=200 beamB=200
10-03 12:06:04  [gen] c0 -> D:\Game creating\战旗\RL\自进化\臂\学系数_ab_c0.json sha12=173dd35d39c7 fp=ee5a670611417293 beamA=200 beamB=200
10-03 12:41:08  FATAL: RuntimeException :: Invoke-ParallelCells: only 0 of 10 worker(s) reported a result; refusing to merge
10-03 12:43:14  
10-03 12:43:14  ===== ⑤ 判定（配对 Δpts 的 95% CI 不含 0 且为正才采纳） =====
10-03 12:43:14    {"run": "evo_ll_r1", "control": "ctl", "n_control": 128, "arms": {"c0": {"n": 84, "d_pts": -0.964, "ci": [-12.335, 10.408], "sd": 53.17, "win": 36, "loss": 47, "tie": 1, "verdict": "量不到差别"}}, "winner": null}
10-03 12:43:14    判定没过（跨 0 或无增益）⇒ 基因组不动、难度 5 保持原冠军
10-03 12:43:14  
10-03 12:43:14  ===== ⑥ 验收批：难度5 打 难度3 =====
10-03 12:43:16  [gen] ace -> D:\Game creating\战旗\RL\weights\cand_evo_ace_s32_ace.json sha12=517a133e5f7f fp=ee5a670611417293 beamA=200 beamB=200
10-03 13:05:20  [run] completeness: rows=128 duplicates=0 missing=0
10-03 13:05:20  [run] completeness: rows=128 duplicates=0 missing=0
10-03 13:05:20  [run] TOTAL wall=1322.7s for 128 game(s)
10-03 13:05:20  --- 读数 ---
10-03 13:05:20    | run | 臂 | N | W | L | D | 胜率(平=半胜) | Wilson 95% | Δpts | Δpts 95% CI | 平均回合 |
10-03 13:05:20    |---|---|---|---|---|---|---|---|---|---|---|
10-03 13:05:20    | evo_ace_s32 | ace | 128 | 75 | 52 | 1 | 0.5898 | [0.5032, 0.6712] | +11.11 | [+1.75, +20.47] | 16.7 |
10-03 13:05:20    
10-03 13:05:20    判据：① Wilson 95% 下界 > 0.5  ② 配对 Δpts 的 95% CI 不含 0 且点估 > 0  —— 两条都要满足
10-03 13:05:20      evo_ace_s32/ace: N=128 胜率 0.5898（下界 0.5032 ✓）· Δpts +11.11 [+1.75, +20.47] ✓ ⇒ **显著更强**（参照基线 0.5807）
10-03 13:05:20  
10-03 13:05:20  ===== 全流程结束（账本 = RL\自进化\账本.jsonl）=====
10-03 13:05:20  全流程结束（子进程退出码 0）⇒ 读数见上；账本 RL\自进化\账本.jsonl
