Godot Engine v4.7.1.stable.official.a13da4feb - https://godotengine.org

ERROR: Failed to read the root certificate store.
   at: get_system_ca_certificates (platform/windows/os_windows.cpp:2582)
B|CFG|seed=20261001|cases=60|weights=res://RL/weights/噩梦.json
[斩杀撤人] 逐个体检玩家方 2 个（我方已阵亡 1 名 ⇒ 本回合最多可撤 1 次）：
  【白游侠】@(5, 2) 血 3
     1) 候选：动态替补池按「收尾特例」收窄成 13 人（影丸、小阴影、烛火、长剑、大骑士、暗域、太阳斩、嬉皮死神、末日、猎颅者、血锁、坠炮手、宿魂）
     2) 单刀：**小阴影** 做得到 —— 落 (2, 1)、从 (4, 1) 打（它血 3，这一刀就收掉；另有 9 个替补也能收它）
  【白游侠】@(1, 6) 血 5
     1) 候选：动态替补池按「收尾特例」收窄成 13 人（影丸、小阴影、烛火、长剑、大骑士、暗域、太阳斩、嬉皮死神、末日、猎颅者、血锁、坠炮手、宿魂）
     2) 单刀：**太阳斩** 做得到 —— 落 (1, 2)、从 (1, 5) 打（它血 5，这一刀就收掉；另有 1 个替补也能收它）
[斩杀撤人] 玩家方已死 2 名（我方 AI 1 名）、玩家方场上还剩 2 个，其中 白游侠（血 3）我出手全打完仍收不掉 ⇒ 换 小阴影 落 (1, 0) 一刀收尾（动态替补池）（收掉他场上任何一个都算赢）。
[斩杀撤人] 塔盾 出手全打完，仍收不掉 白游侠（血 3）⇒ 撤下 塔盾，换 小阴影 落 (4, 1) 收尾（那一刀从 (4, 1) 打出去 ⇒ 直接落这一格）。
[AI替补上人前] 配方档·无预设席 ⇒ 动态替补池 47 人（前 12：伐木工、圣诞老人、毒蛇淑女、鼠队长、傀儡师、医护兵、影丸、德鲁伊、火枪手、巨剑、独脚龟、古拉博士…）
[替补] 小阴影 照着已验过的那一刀执行：原地打 白游侠（落点 (4, 1)、开火格 (4, 1)）
[AI首发部署·配方] 槽位挑不出人且卡组为空 → 跳过本次敌方部署
B|撤|例0|玩家已死2/我方已死1|玩家血[3, 5]|我方3人|可撤1次|硬门=放行|撤:塔盾→hero_15
[斩杀撤人] 逐个体检玩家方 2 个（我方已阵亡 0 名 ⇒ 本回合最多可撤 2 次）：
  【白游侠】@(3, 3) 血 1
     1) 候选：动态替补池按「收尾特例」收窄成 13 人（影丸、小阴影、烛火、长剑、大骑士、暗域、太阳斩、嬉皮死神、末日、猎颅者、血锁、坠炮手、宿魂）
     2) 单刀：**大骑士** 做得到 —— 落 (2, 1)、从 (2, 2) 打（它血 1，这一刀就收掉；另有 12 个替补也能收它）
  【白游侠】@(2, 6) 血 8
     1) 候选：动态替补池按「收尾特例」收窄成 13 人（影丸、小阴影、烛火、长剑、大骑士、暗域、太阳斩、嬉皮死神、末日、猎颅者、血锁、坠炮手、宿魂）
     2) 单刀：**没人做得到**（要一刀打掉它 8 血；候选 13 人、合法落点 [(2, 1), (1, 2), (3, 2), (4, 1), (5, 2)]，谁都不行）
     3) 两刀合力：第一刀 影丸 削 5 ⇒ 剩下 3，第二刀 坠炮手
     4) ⇒ **认这一刀**：先让 影丸 削 5（落 (2, 1)、从 (2, 4) 打），剩下的 3 交给 坠炮手 收（**要花 2 个撤人名额**换这一个）
[斩杀撤人] 不撤：玩家方已阵亡 0 名；本回合能撤 2 次 —— 按「不同替补各收一个」最多能收 1 个 ⇒ 就算全收掉他也只到 1 名（判负线 3）—— **收不掉这一局**，不值得白送自己一个阵亡。
B|不撤|例1|玩家已死0/我方已死0|玩家血[1, 8]|我方2人|可撤2次|硬门=**该拦**|不撤
[斩杀撤人] 不撤：玩家方还不够残（已死 1 名 ⇒ 要求场上最低的 2 个血量之和 ≤ 12，实际 19）—— 撤下是白送自己一个阵亡，不值得为一个满血目标赌。
B|不撤|例2|玩家已死1/我方已死0|玩家血[9, 10, 11]|我方1人|可撤2次|硬门=放行|不撤
[斩杀撤人] 逐个体检玩家方 2 个（我方已阵亡 0 名 ⇒ 本回合最多可撤 2 次）：
  【白游侠】@(4, 5) 血 2
     1) 候选：动态替补池按「收尾特例」收窄成 13 人（影丸、小阴影、烛火、长剑、大骑士、暗域、太阳斩、嬉皮死神、末日、猎颅者、血锁、坠炮手、宿魂）
     2) 单刀：**大骑士** 做得到 —— 落 (2, 1)、从 (4, 4) 打（它血 2，这一刀就收掉；另有 8 个替补也能收它）
  【白游侠】@(5, 4) 血 12
     1) 候选：动态替补池按「收尾特例」收窄成 13 人（影丸、小阴影、烛火、长剑、大骑士、暗域、太阳斩、嬉皮死神、末日、猎颅者、血锁、坠炮手、宿魂）
     2) 单刀：**没人做得到**（要一刀打掉它 12 血；候选 13 人、合法落点 [(2, 1), (1, 2), (4, 1), (5, 2)]，谁都不行）
     3) 两刀合力：第一刀 太阳斩 削 6 ⇒ 剩下 6，第二刀 嬉皮死神
     4) ⇒ **认这一刀**：先让 太阳斩 削 6（落 (4, 1)、从 (4, 3) 打），剩下的 6 交给 嬉皮死神 收（**要花 2 个撤人名额**换这一个）
[斩杀撤人] 玩家方已死 2 名（我方 AI 0 名）、玩家方场上还剩 2 个，其中 白游侠（血 2）我出手全打完仍收不掉 ⇒ 换 大骑士 落 (1, 0) 一刀收尾（动态替补池）（收掉他场上任何一个都算赢）。
[斩杀撤人] 塔盾 出手全打完，仍收不掉 白游侠（血 2）⇒ 撤下 塔盾，换 大骑士 落 (2, 1) 收尾。
[AI替补上人前] 配方档·无预设席 ⇒ 动态替补池 47 人（前 12：伐木工、圣诞老人、毒蛇淑女、鼠队长、傀儡师、医护兵、影丸、德鲁伊、火枪手、巨剑、独脚龟、古拉博士…）
[替补] 大骑士 照着已验过的那一刀执行：走到 (4, 4) 再打 白游侠（落点 (2, 1)、开火格 (4, 4)）
B|撤|例3|玩家已死2/我方已死0|玩家血[2, 12]|我方3人|可撤1次|硬门=放行|撤:塔盾→hero_24
[斩杀撤人] 逐个体检玩家方 1 个（我方已阵亡 0 名 ⇒ 本回合最多可撤 2 次）：
  【白游侠】@(5, 2) 血 4
     1) 候选：动态替补池按「收尾特例」收窄成 13 人（影丸、小阴影、烛火、长剑、大骑士、暗域、太阳斩、嬉皮死神、末日、猎颅者、血锁、坠炮手、宿魂）
     2) 单刀：**小阴影** 做得到 —— 落 (1, 2)、从 (4, 1) 打（它血 4，这一刀就收掉；另有 3 个替补也能收它）
[斩杀撤人] 不撤：玩家方已阵亡 0 名；本回合能撤 2 次 —— 按「不同替补各收一个」最多能收 1 个 ⇒ 就算全收掉他也只到 1 名（判负线 3）—— **收不掉这一局**，不值得白送自己一个阵亡。
B|不撤|例4|玩家已死0/我方已死0|玩家血[4]|我方3人|可撤2次|硬门=**该拦**|不撤
[斩杀撤人] 不撤：玩家方还不够残（已死 1 名 ⇒ 要求场上最低的 2 个血量之和 ≤ 6，实际 9）—— 撤下是白送自己一个阵亡，不值得为一个满血目标赌。
B|不撤|例5|玩家已死1/我方已死1|玩家血[9]|我方3人|可撤1次|硬门=**该拦**|不撤
[斩杀撤人] 逐个体检玩家方 1 个（我方已阵亡 0 名 ⇒ 本回合最多可撤 2 次）：
  【白游侠】@(5, 2) 血 11
     1) 候选：动态替补池按「收尾特例」收窄成 13 人（影丸、小阴影、烛火、长剑、大骑士、暗域、太阳斩、嬉皮死神、末日、猎颅者、血锁、坠炮手、宿魂）
     2) 单刀：**没人做得到**（要一刀打掉它 11 血；候选 13 人、合法落点 [(2, 1), (1, 2), (3, 2), (4, 1)]，谁都不行）
     3) 两刀合力：第一刀 小阴影 削 6 ⇒ 剩下 5，第二刀 太阳斩
     4) ⇒ **认这一刀**：先让 小阴影 削 6（落 (2, 1)、从 (4, 1) 打），剩下的 5 交给 太阳斩 收（**要花 2 个撤人名额**换这一个）
[斩杀撤人] 不撤：玩家方已阵亡 0 名；本回合能撤 1 次 —— 按「不同替补各收一个」最多能收 0 个 ⇒ 就算全收掉他也只到 0 名（判负线 3）—— **收不掉这一局**，不值得白送自己一个阵亡。
B|不撤|例6|玩家已死0/我方已死0|玩家血[11]|我方1人|可撤2次|硬门=**该拦**|不撤
[斩杀撤人] 逐个体检玩家方 2 个（我方已阵亡 0 名 ⇒ 本回合最多可撤 2 次）：
  【白游侠】@(3, 7) 血 1
     1) 候选：动态替补池按「收尾特例」收窄成 13 人（影丸、小阴影、烛火、长剑、大骑士、暗域、太阳斩、嬉皮死神、末日、猎颅者、血锁、坠炮手、宿魂）
     2) 单刀：**大骑士** 做得到 —— 落 (2, 1)、从 (2, 6) 打（它血 1，这一刀就收掉；另有 3 个替补也能收它）
  【白游侠】@(5, 6) 血 7
     1) 候选：动态替补池按「收尾特例」收窄成 13 人（影丸、小阴影、烛火、长剑、大骑士、暗域、太阳斩、嬉皮死神、末日、猎颅者、血锁、坠炮手、宿魂）
     2) 单刀：**没人做得到**（要一刀打掉它 7 血；候选 13 人、合法落点 [(2, 1), (1, 2), (3, 2), (4, 1), (5, 2)]，谁都不行）
     3) 两刀合力：第一刀 太阳斩 削 6 ⇒ 剩下 1，第二刀 大骑士
     4) ⇒ **认这一刀**：先让 太阳斩 削 6（落 (5, 2)、从 (5, 5) 打），剩下的 1 交给 大骑士 收（**要花 2 个撤人名额**换这一个）
[斩杀撤人] 玩家方已死 2 名（我方 AI 0 名）、玩家方场上还剩 2 个，其中 白游侠（血 1）我出手全打完仍收不掉 ⇒ 换 大骑士 落 (1, 0) 一刀收尾（动态替补池）（收掉他场上任何一个都算赢）。
[斩杀撤人] 塔盾 出手全打完，仍收不掉 白游侠（血 1）⇒ 撤下 塔盾，换 大骑士 落 (2, 1) 收尾。
[AI替补上人前] 配方档·无预设席 ⇒ 动态替补池 48 人（前 12：伐木工、圣诞老人、毒蛇淑女、鼠队长、傀儡师、医护兵、影丸、德鲁伊、火枪手、塔盾、巨剑、独脚龟…）
[替补] 大骑士 照着已验过的那一刀执行：走到 (2, 6) 再打 白游侠（落点 (2, 1)、开火格 (2, 6)）
B|撤|例7|玩家已死2/我方已死0|玩家血[1, 7]|我方1人|可撤1次|硬门=放行|撤:塔盾→hero_24
[斩杀撤人] 逐个体检玩家方 2 个（我方已阵亡 1 名 ⇒ 本回合最多可撤 1 次）：
  【白游侠】@(2, 4) 血 5
     1) 候选：动态替补池按「收尾特例」收窄成 13 人（影丸、小阴影、烛火、长剑、大骑士、暗域、太阳斩、嬉皮死神、末日、猎颅者、血锁、坠炮手、宿魂）
     2) 单刀：**小阴影** 做得到 —— 落 (2, 1)、从 (2, 3) 打（它血 5，这一刀就收掉；另有 3 个替补也能收它）
  【白游侠】@(3, 7) 血 11
     1) 候选：动态替补池按「收尾特例」收窄成 13 人（影丸、小阴影、烛火、长剑、大骑士、暗域、太阳斩、嬉皮死神、末日、猎颅者、血锁、坠炮手、宿魂）
     2) 单刀：**没人做得到**（要一刀打掉它 11 血；候选 13 人、合法落点 [(2, 1), (1, 2), (3, 2), (4, 1), (5, 2)]，谁都不行）
     3) 两刀合力：**本回合最多只能撤 1 次**（我方已阵亡 1 名）⇒ 撤两个 = 自己丢两个阵亡 ⇒ 这条路不成立
     4) 落点：候选 13 人（动态替补池，走+射上限 101 格）｜最近合法落点到它 5 格（比候选上限够 96 格）｜合法落点 [(2, 1), (1, 2), (3, 2), (4, 1), (5, 2)]
[斩杀撤人] 玩家方已死 2 名（我方 AI 1 名）、玩家方场上还剩 2 个，其中 白游侠（血 5）我出手全打完仍收不掉 ⇒ 换 小阴影 落 (1, 0) 一刀收尾（动态替补池）（收掉他场上任何一个都算赢）。
[斩杀撤人] 塔盾 出手全打完，仍收不掉 白游侠（血 5）⇒ 撤下 塔盾，换 小阴影 落 (2, 1) 收尾。
[AI替补上人前] 配方档·无预设席 ⇒ 动态替补池 48 人（前 12：伐木工、圣诞老人、毒蛇淑女、鼠队长、傀儡师、医护兵、影丸、德鲁伊、火枪手、塔盾、巨剑、独脚龟…）
[替补] 小阴影 照着已验过的那一刀执行：走到 (2, 3) 再打 白游侠（落点 (2, 1)、开火格 (2, 3)）
[AI首发部署·配方] 槽位挑不出人且卡组为空 → 跳过本次敌方部署
B|撤|例8|玩家已死2/我方已死1|玩家血[5, 11]|我方1人|可撤1次|硬门=放行|撤:塔盾→hero_15
[斩杀撤人] 逐个体检玩家方 3 个（我方已阵亡 0 名 ⇒ 本回合最多可撤 2 次）：
  【白游侠】@(2, 7) 血 2
     1) 候选：动态替补池按「收尾特例」收窄成 13 人（影丸、小阴影、烛火、长剑、大骑士、暗域、太阳斩、嬉皮死神、末日、猎颅者、血锁、坠炮手、宿魂）
     2) 单刀：**大骑士** 做得到 —— 落 (2, 1)、从 (1, 7) 打（它血 2，这一刀就收掉；另有 1 个替补也能收它）
  【白游侠】@(2, 6) 血 9
     1) 候选：动态替补池按「收尾特例」收窄成 13 人（影丸、小阴影、烛火、长剑、大骑士、暗域、太阳斩、嬉皮死神、末日、猎颅者、血锁、坠炮手、宿魂）
     2) 单刀：**没人做得到**（要一刀打掉它 9 血；候选 13 人、合法落点 [(2, 1), (1, 2), (3, 2), (4, 1), (5, 2)]，谁都不行）
     3) 两刀合力：第一刀 影丸 削 5 ⇒ 剩下 4，第二刀 **没人做得到**
     4) 落点：候选 13 人（动态替补池，走+射上限 101 格）｜最近合法落点到它 5 格（比候选上限够 96 格）｜合法落点 [(2, 1), (1, 2), (3, 2), (4, 1), (5, 2)]
  【白游侠】@(5, 5) 血 10
     1) 候选：动态替补池按「收尾特例」收窄成 13 人（影丸、小阴影、烛火、长剑、大骑士、暗域、太阳斩、嬉皮死神、末日、猎颅者、血锁、坠炮手、宿魂）
     2) 单刀：**没人做得到**（要一刀打掉它 10 血；候选 13 人、合法落点 [(2, 1), (1, 2), (3, 2), (4, 1), (5, 2)]，谁都不行）
     3) 两刀合力：第一刀 太阳斩 削 6 ⇒ 剩下 4，第二刀 嬉皮死神
     4) ⇒ **认这一刀**：先让 太阳斩 削 6（落 (3, 2)、从 (4, 4) 打），剩下的 4 交给 嬉皮死神 收（**要花 2 个撤人名额**换这一个）
[斩杀撤人] 不撤：玩家方已阵亡 1 名；本回合能撤 2 次 —— 按「不同替补各收一个」最多能收 1 个 ⇒ 就算全收掉他也只到 2 名（判负线 3）—— **收不掉这一局**，不值得白送自己一个阵亡。
B|不撤|例9|玩家已死1/我方已死0|玩家血[2, 9, 10]|我方2人|可撤2次|硬门=放行|不撤
[斩杀撤人] 不撤：玩家方还不够残（已死 0 名 ⇒ 要求场上最低的 3 个血量之和 ≤ 9，实际 11）—— 撤下是白送自己一个阵亡，不值得为一个满血目标赌。
B|不撤|例10|玩家已死0/我方已死1|玩家血[2, 9]|我方3人|可撤1次|硬门=**该拦**|不撤
[斩杀撤人] 逐个体检玩家方 2 个（我方已阵亡 0 名 ⇒ 本回合最多可撤 2 次）：
  【白游侠】@(4, 6) 血 1
     1) 候选：动态替补池按「收尾特例」收窄成 13 人（影丸、小阴影、烛火、长剑、大骑士、暗域、太阳斩、嬉皮死神、末日、猎颅者、血锁、坠炮手、宿魂）
     2) 单刀：**大骑士** 做得到 —— 落 (2, 1)、从 (4, 5) 打（它血 1，这一刀就收掉；另有 3 个替补也能收它）
  【白游侠】@(3, 5) 血 7
     1) 候选：动态替补池按「收尾特例」收窄成 13 人（影丸、小阴影、烛火、长剑、大骑士、暗域、太阳斩、嬉皮死神、末日、猎颅者、血锁、坠炮手、宿魂）
     2) 单刀：**没人做得到**（要一刀打掉它 7 血；候选 13 人、合法落点 [(2, 1), (1, 2), (4, 1), (5, 2)]，谁都不行）
     3) 两刀合力：第一刀 太阳斩 削 6 ⇒ 剩下 1，第二刀 大骑士
     4) ⇒ **认这一刀**：先让 太阳斩 削 6（落 (2, 1)、从 (2, 4) 打），剩下的 1 交给 大骑士 收（**要花 2 个撤人名额**换这一个）
[斩杀撤人] 不撤：玩家方已阵亡 1 名；本回合能撤 2 次 —— 按「不同替补各收一个」最多能收 1 个 ⇒ 就算全收掉他也只到 2 名（判负线 3）—— **收不掉这一局**，不值得白送自己一个阵亡。
B|不撤|例11|玩家已死1/我方已死0|玩家血[1, 7]|我方2人|可撤2次|硬门=放行|不撤
[斩杀撤人] 不撤：玩家方还不够残（已死 1 名 ⇒ 要求场上最低的 2 个血量之和 ≤ 12，实际 16）—— 撤下是白送自己一个阵亡，不值得为一个满血目标赌。
B|不撤|例12|玩家已死1/我方已死0|玩家血[7, 9, 10]|我方2人|可撤2次|硬门=放行|不撤
[斩杀撤人] 逐个体检玩家方 2 个（我方已阵亡 0 名 ⇒ 本回合最多可撤 2 次）：
  【白游侠】@(2, 4) 血 6
     1) 候选：动态替补池按「收尾特例」收窄成 13 人（影丸、小阴影、烛火、长剑、大骑士、暗域、太阳斩、嬉皮死神、末日、猎颅者、血锁、坠炮手、宿魂）
     2) 单刀：**小阴影** 做得到 —— 落 (1, 2)、从 (2, 3) 打（它血 6，这一刀就收掉；另有 2 个替补也能收它）
  【白游侠】@(4, 2) 血 7
     1) 候选：动态替补池按「收尾特例」收窄成 13 人（影丸、小阴影、烛火、长剑、大骑士、暗域、太阳斩、嬉皮死神、末日、猎颅者、血锁、坠炮手、宿魂）
     2) 单刀：**没人做得到**（要一刀打掉它 7 血；候选 13 人、合法落点 [(1, 2), (3, 2), (4, 1), (5, 2)]，谁都不行）
     3) 两刀合力：第一刀 太阳斩 削 6 ⇒ 剩下 1，第二刀 大骑士
     4) ⇒ **认这一刀**：先让 太阳斩 削 6（落 (1, 2)、从 (4, 1) 打），剩下的 1 交给 大骑士 收（**要花 2 个撤人名额**换这一个）
[斩杀撤人] 不撤：玩家方已阵亡 0 名；本回合能撤 1 次 —— 按「不同替补各收一个」最多能收 1 个 ⇒ 就算全收掉他也只到 1 名（判负线 3）—— **收不掉这一局**，不值得白送自己一个阵亡。
B|不撤|例13|玩家已死0/我方已死0|玩家血[6, 7]|我方1人|可撤2次|硬门=**该拦**|不撤
[斩杀撤人] 逐个体检玩家方 3 个（我方已阵亡 1 名 ⇒ 本回合最多可撤 1 次）：
  【白游侠】@(5, 3) 血 8
     1) 候选：动态替补池按「收尾特例」收窄成 13 人（影丸、小阴影、烛火、长剑、大骑士、暗域、太阳斩、嬉皮死神、末日、猎颅者、血锁、坠炮手、宿魂）
     2) 单刀：**没人做得到**（要一刀打掉它 8 血；候选 13 人、合法落点 [(2, 1), (1, 2), (3, 2), (4, 1), (5, 2)]，谁都不行）
     3) 两刀合力：**本回合最多只能撤 1 次**（我方已阵亡 1 名）⇒ 撤两个 = 自己丢两个阵亡 ⇒ 这条路不成立
     4) 落点：候选 13 人（动态替补池，走+射上限 101 格）｜最近合法落点到它 1 格（比候选上限够 100 格）｜合法落点 [(2, 1), (1, 2), (3, 2), (4, 1), (5, 2)]
  【白游侠】@(1, 4) 血 10
     1) 候选：动态替补池按「收尾特例」收窄成 13 人（影丸、小阴影、烛火、长剑、大骑士、暗域、太阳斩、嬉皮死神、末日、猎颅者、血锁、坠炮手、宿魂）
     2) 单刀：**没人做得到**（要一刀打掉它 10 血；候选 13 人、合法落点 [(2, 1), (1, 2), (3, 2), (4, 1), (5, 2)]，谁都不行）
     3) 两刀合力：**本回合最多只能撤 1 次**（我方已阵亡 1 名）⇒ 撤两个 = 自己丢两个阵亡 ⇒ 这条路不成立
     4) 落点：候选 13 人（动态替补池，走+射上限 101 格）｜最近合法落点到它 2 格（比候选上限够 99 格）｜合法落点 [(2, 1), (1, 2), (3, 2), (4, 1), (5, 2)]
  【白游侠】@(2, 6) 血 10
     1) 候选：动态替补池按「收尾特例」收窄成 13 人（影丸、小阴影、烛火、长剑、大骑士、暗域、太阳斩、嬉皮死神、末日、猎颅者、血锁、坠炮手、宿魂）
     2) 单刀：**没人做得到**（要一刀打掉它 10 血；候选 13 人、合法落点 [(2, 1), (1, 2), (3, 2), (4, 1), (5, 2)]，谁都不行）
     3) 两刀合力：**本回合最多只能撤 1 次**（我方已阵亡 1 名）⇒ 撤两个 = 自己丢两个阵亡 ⇒ 这条路不成立
     4) 落点：候选 13 人（动态替补池，走+射上限 101 格）｜最近合法落点到它 5 格（比候选上限够 96 格）｜合法落点 [(2, 1), (1, 2), (3, 2), (4, 1), (5, 2)]
[斩杀撤人] 不撤：替补席没人能「落在合法落点、按真实路网走进某个斩杀格、一刀收掉」玩家方任何一个（共 3 个：白游侠(血8)、白游侠(血10)、白游侠(血10)）｜要撤的人=（无）｜替补席=（无预设席·动态池）
B|不撤|例14|玩家已死2/我方已死1|玩家血[8, 10, 10]|我方2人|可撤1次|硬门=放行|不撤
[斩杀撤人] 不撤：玩家方还不够残（已死 0 名 ⇒ 要求场上最低的 3 个血量之和 ≤ 18，实际 26）—— 撤下是白送自己一个阵亡，不值得为一个满血目标赌。
B|不撤|例15|玩家已死0/我方已死0|玩家血[3, 11, 12]|我方1人|可撤2次|硬门=**该拦**|不撤
[斩杀撤人] 不撤：玩家方还不够残（已死 1 名 ⇒ 要求场上最低的 2 个血量之和 ≤ 6，实际 23）—— 撤下是白送自己一个阵亡，不值得为一个满血目标赌。
B|不撤|例16|玩家已死1/我方已死1|玩家血[11, 12]|我方2人|可撤1次|硬门=**该拦**|不撤
[斩杀撤人] 逐个体检玩家方 1 个（我方已阵亡 0 名 ⇒ 本回合最多可撤 2 次）：
  【白游侠】@(1, 5) 血 5
     1) 候选：动态替补池按「收尾特例」收窄成 13 人（影丸、小阴影、烛火、长剑、大骑士、暗域、太阳斩、嬉皮死神、末日、猎颅者、血锁、坠炮手、宿魂）
     2) 单刀：**小阴影** 做得到 —— 落 (2, 1)、从 (1, 4) 打（它血 5，这一刀就收掉；另有 3 个替补也能收它）
[斩杀撤人] 玩家方已死 2 名（我方 AI 0 名）、玩家方场上还剩 1 个，其中 白游侠（血 5）我出手全打完仍收不掉 ⇒ 换 小阴影 落 (1, 0) 一刀收尾（动态替补池）（收掉他场上任何一个都算赢）。
[斩杀撤人] 塔盾 出手全打完，仍收不掉 白游侠（血 5）⇒ 撤下 塔盾，换 小阴影 落 (2, 1) 收尾。
[AI替补上人前] 配方档·无预设席 ⇒ 动态替补池 48 人（前 12：伐木工、圣诞老人、毒蛇淑女、鼠队长、傀儡师、医护兵、影丸、德鲁伊、火枪手、塔盾、巨剑、独脚龟…）
[替补] 小阴影 照着已验过的那一刀执行：走到 (1, 4) 再打 白游侠（落点 (2, 1)、开火格 (1, 4)）
[AI首发部署·配方] 槽位挑不出人且卡组为空 → 跳过本次敌方部署
B|撤|例17|玩家已死2/我方已死0|玩家血[5]|我方1人|可撤1次|硬门=放行|撤:塔盾→hero_15
[斩杀撤人] 逐个体检玩家方 3 个（我方已阵亡 1 名 ⇒ 本回合最多可撤 1 次）：
  【白游侠】@(4, 7) 血 3
     1) 候选：动态替补池按「收尾特例」收窄成 13 人（影丸、小阴影、烛火、长剑、大骑士、暗域、太阳斩、嬉皮死神、末日、猎颅者、血锁、坠炮手、宿魂）
     2) 单刀：**坠炮手** 做得到 —— 落 (1, 2)、从 (1, 2) 打（它血 3，这一刀就收掉）
  【白游侠】@(4, 5) 血 7
     1) 候选：动态替补池按「收尾特例」收窄成 13 人（影丸、小阴影、烛火、长剑、大骑士、暗域、太阳斩、嬉皮死神、末日、猎颅者、血锁、坠炮手、宿魂）
     2) 单刀：**没人做得到**（要一刀打掉它 7 血；候选 13 人、合法落点 [(1, 2), (3, 2), (4, 1), (5, 2)]，谁都不行）
     3) 两刀合力：**本回合最多只能撤 1 次**（我方已阵亡 1 名）⇒ 撤两个 = 自己丢两个阵亡 ⇒ 这条路不成立
     4) 落点：候选 13 人（动态替补池，走+射上限 101 格）｜最近合法落点到它 4 格（比候选上限够 97 格）｜合法落点 [(1, 2), (3, 2), (4, 1), (5, 2)]
  【白游侠】@(1, 5) 血 9
     1) 候选：动态替补池按「收尾特例」收窄成 13 人（影丸、小阴影、烛火、长剑、大骑士、暗域、太阳斩、嬉皮死神、末日、猎颅者、血锁、坠炮手、宿魂）
     2) 单刀：**没人做得到**（要一刀打掉它 9 血；候选 13 人、合法落点 [(1, 2), (3, 2), (4, 1), (5, 2)]，谁都不行）
     3) 两刀合力：**本回合最多只能撤 1 次**（我方已阵亡 1 名）⇒ 撤两个 = 自己丢两个阵亡 ⇒ 这条路不成立
     4) 落点：候选 13 人（动态替补池，走+射上限 101 格）｜最近合法落点到它 3 格（比候选上限够 98 格）｜合法落点 [(1, 2), (3, 2), (4, 1), (5, 2)]
[斩杀撤人] 玩家方已死 2 名（我方 AI 1 名）、玩家方场上还剩 3 个，其中 白游侠（血 3）我出手全打完仍收不掉 ⇒ 换 坠炮手 落 (0, 1) 一刀收尾（动态替补池）（收掉他场上任何一个都算赢）。
[斩杀撤人] 塔盾 出手全打完，仍收不掉 白游侠（血 3）⇒ 撤下 塔盾，换 坠炮手 落 (1, 2) 收尾。
[AI替补上人前] 配方档·无预设席 ⇒ 动态替补池 47 人（前 12：伐木工、圣诞老人、毒蛇淑女、鼠队长、傀儡师、医护兵、影丸、德鲁伊、火枪手、巨剑、独脚龟、古拉博士…）
[替补] 坠炮手 照着已验过的那一刀执行：原地打 白游侠（落点 (1, 2)、开火格 (1, 2)）
[AI首发部署·配方] 槽位挑不出人且卡组为空 → 跳过本次敌方部署
B|撤|例18|玩家已死2/我方已死1|玩家血[3, 7, 9]|我方2人|可撤1次|硬门=放行|撤:塔盾→hero_45
[斩杀撤人] 逐个体检玩家方 3 个（我方已阵亡 0 名 ⇒ 本回合最多可撤 2 次）：
  【白游侠】@(5, 5) 血 1
     1) 候选：动态替补池按「收尾特例」收窄成 13 人（影丸、小阴影、烛火、长剑、大骑士、暗域、太阳斩、嬉皮死神、末日、猎颅者、血锁、坠炮手、宿魂）
     2) 单刀：**大骑士** 做得到 —— 落 (2, 1)、从 (4, 4) 打（它血 1，这一刀就收掉；另有 12 个替补也能收它）
  【白游侠】@(4, 6) 血 2
     1) 候选：动态替补池按「收尾特例」收窄成 13 人（影丸、小阴影、烛火、长剑、大骑士、暗域、太阳斩、嬉皮死神、末日、猎颅者、血锁、坠炮手、宿魂）
     2) 单刀：**大骑士** 做得到 —— 落 (2, 1)、从 (4, 5) 打（它血 2，这一刀就收掉；另有 2 个替补也能收它）
  【白游侠】@(4, 7) 血 11
     1) 候选：动态替补池按「收尾特例」收窄成 13 人（影丸、小阴影、烛火、长剑、大骑士、暗域、太阳斩、嬉皮死神、末日、猎颅者、血锁、坠炮手、宿魂）
     2) 单刀：**没人做得到**（要一刀打掉它 11 血；候选 13 人、合法落点 [(2, 1), (1, 2), (3, 2), (4, 1), (5, 2)]，谁都不行）
     3) 两刀合力：第一刀 坠炮手 削 3 ⇒ 剩下 8，第二刀 **没人做得到**
     4) 落点：候选 13 人（动态替补池，走+射上限 101 格）｜最近合法落点到它 6 格（比候选上限够 95 格）｜合法落点 [(2, 1), (1, 2), (3, 2), (4, 1), (5, 2)]
[斩杀撤人] 不撤：玩家方已阵亡 0 名；本回合能撤 2 次 —— 按「不同替补各收一个」最多能收 2 个 ⇒ 就算全收掉他也只到 2 名（判负线 3）—— **收不掉这一局**，不值得白送自己一个阵亡。
B|不撤|例19|玩家已死0/我方已死0|玩家血[1, 2, 11]|我方3人|可撤2次|硬门=**该拦**|不撤
[斩杀撤人] 逐个体检玩家方 1 个（我方已阵亡 1 名 ⇒ 本回合最多可撤 1 次）：
  【白游侠】@(3, 3) 血 4
     1) 候选：动态替补池按「收尾特例」收窄成 13 人（影丸、小阴影、烛火、长剑、大骑士、暗域、太阳斩、嬉皮死神、末日、猎颅者、血锁、坠炮手、宿魂）
     2) 单刀：**小阴影** 做得到 —— 落 (2, 1)、从 (2, 2) 打（它血 4，这一刀就收掉；另有 3 个替补也能收它）
[斩杀撤人] 玩家方已死 2 名（我方 AI 1 名）、玩家方场上还剩 1 个，其中 白游侠（血 4）我出手全打完仍收不掉 ⇒ 换 小阴影 落 (1, 0) 一刀收尾（动态替补池）（收掉他场上任何一个都算赢）。
[斩杀撤人] 塔盾 出手全打完，仍收不掉 白游侠（血 4）⇒ 撤下 塔盾，换 小阴影 落 (2, 1) 收尾。
[AI替补上人前] 配方档·无预设席 ⇒ 动态替补池 47 人（前 12：伐木工、圣诞老人、毒蛇淑女、鼠队长、傀儡师、医护兵、影丸、德鲁伊、火枪手、巨剑、独脚龟、古拉博士…）
[替补] 小阴影 照着已验过的那一刀执行：走到 (2, 2) 再打 白游侠（落点 (2, 1)、开火格 (2, 2)）
[AI首发部署·配方] 槽位挑不出人且卡组为空 → 跳过本次敌方部署
B|撤|例20|玩家已死2/我方已死1|玩家血[4]|我方2人|可撤1次|硬门=放行|撤:塔盾→hero_15
[斩杀撤人] 不撤：玩家方还不够残（已死 0 名 ⇒ 要求场上最低的 3 个血量之和 ≤ 18，实际 22）—— 撤下是白送自己一个阵亡，不值得为一个满血目标赌。
B|不撤|例21|玩家已死0/我方已死0|玩家血[6, 8, 8]|我方2人|可撤2次|硬门=**该拦**|不撤
[斩杀撤人] 逐个体检玩家方 1 个（我方已阵亡 1 名 ⇒ 本回合最多可撤 1 次）：
  【白游侠】@(5, 7) 血 1
     1) 候选：动态替补池按「收尾特例」收窄成 13 人（影丸、小阴影、烛火、长剑、大骑士、暗域、太阳斩、嬉皮死神、末日、猎颅者、血锁、坠炮手、宿魂）
     2) 单刀：**大骑士** 做得到 —— 落 (2, 1)、从 (4, 6) 打（它血 1，这一刀就收掉；另有 3 个替补也能收它）
[斩杀撤人] 玩家方已死 2 名（我方 AI 1 名）、玩家方场上还剩 1 个，其中 白游侠（血 1）我出手全打完仍收不掉 ⇒ 换 大骑士 落 (1, 0) 一刀收尾（动态替补池）（收掉他场上任何一个都算赢）。
[斩杀撤人] 塔盾 出手全打完，仍收不掉 白游侠（血 1）⇒ 撤下 塔盾，换 大骑士 落 (2, 1) 收尾。
[AI替补上人前] 配方档·无预设席 ⇒ 动态替补池 48 人（前 12：伐木工、圣诞老人、毒蛇淑女、鼠队长、傀儡师、医护兵、影丸、德鲁伊、火枪手、塔盾、巨剑、独脚龟…）
[替补] 大骑士 照着已验过的那一刀执行：走到 (4, 6) 再打 白游侠（落点 (2, 1)、开火格 (4, 6)）
B|撤|例22|玩家已死2/我方已死1|玩家血[1]|我方1人|可撤1次|硬门=放行|撤:塔盾→hero_24
[斩杀撤人] 逐个体检玩家方 2 个（我方已阵亡 0 名 ⇒ 本回合最多可撤 2 次）：
  【白游侠】@(3, 7) 血 3
     1) 候选：动态替补池按「收尾特例」收窄成 13 人（影丸、小阴影、烛火、长剑、大骑士、暗域、太阳斩、嬉皮死神、末日、猎颅者、血锁、坠炮手、宿魂）
     2) 单刀：**坠炮手** 做得到 —— 落 (2, 1)、从 (2, 1) 打（它血 3，这一刀就收掉；另有 1 个替补也能收它）
  【白游侠】@(2, 7) 血 5
     1) 候选：动态替补池按「收尾特例」收窄成 13 人（影丸、小阴影、烛火、长剑、大骑士、暗域、太阳斩、嬉皮死神、末日、猎颅者、血锁、坠炮手、宿魂）
     2) 单刀：**没人做得到**（要一刀打掉它 5 血；候选 13 人、合法落点 [(2, 1), (1, 2), (3, 2), (4, 1), (5, 2)]，谁都不行）
     3) 两刀合力：第一刀 坠炮手 削 3 ⇒ 剩下 2，第二刀 大骑士
     4) ⇒ **认这一刀**：先让 坠炮手 削 3（落 (2, 1)、从 (2, 1) 打），剩下的 2 交给 大骑士 收（**要花 2 个撤人名额**换这一个）
[斩杀撤人] 不撤：玩家方已阵亡 1 名；本回合能撤 2 次 —— 按「不同替补各收一个」最多能收 1 个 ⇒ 就算全收掉他也只到 2 名（判负线 3）—— **收不掉这一局**，不值得白送自己一个阵亡。
B|不撤|例23|玩家已死1/我方已死0|玩家血[3, 5]|我方2人|可撤2次|硬门=放行|不撤
[斩杀撤人] 逐个体检玩家方 3 个（我方已阵亡 0 名 ⇒ 本回合最多可撤 2 次）：
  【白游侠】@(1, 6) 血 6
     1) 候选：动态替补池按「收尾特例」收窄成 13 人（影丸、小阴影、烛火、长剑、大骑士、暗域、太阳斩、嬉皮死神、末日、猎颅者、血锁、坠炮手、宿魂）
     2) 单刀：**小阴影** 做得到 —— 落 (1, 2)、从 (1, 5) 打（它血 6，这一刀就收掉；另有 1 个替补也能收它）
  【白游侠】@(4, 5) 血 9
     1) 候选：动态替补池按「收尾特例」收窄成 13 人（影丸、小阴影、烛火、长剑、大骑士、暗域、太阳斩、嬉皮死神、末日、猎颅者、血锁、坠炮手、宿魂）
     2) 单刀：**没人做得到**（要一刀打掉它 9 血；候选 13 人、合法落点 [(2, 1), (1, 2), (3, 2), (4, 1), (5, 2)]，谁都不行）
     3) 两刀合力：第一刀 太阳斩 削 6 ⇒ 剩下 3，第二刀 小阴影
     4) ⇒ **认这一刀**：先让 太阳斩 削 6（落 (3, 2)、从 (4, 4) 打），剩下的 3 交给 小阴影 收（**要花 2 个撤人名额**换这一个）
  【白游侠】@(2, 6) 血 9
     1) 候选：动态替补池按「收尾特例」收窄成 13 人（影丸、小阴影、烛火、长剑、大骑士、暗域、太阳斩、嬉皮死神、末日、猎颅者、血锁、坠炮手、宿魂）
     2) 单刀：**没人做得到**（要一刀打掉它 9 血；候选 13 人、合法落点 [(2, 1), (1, 2), (3, 2), (4, 1), (5, 2)]，谁都不行）
     3) 两刀合力：第一刀 影丸 削 5 ⇒ 剩下 4，第二刀 **没人做得到**
     4) 落点：候选 13 人（动态替补池，走+射上限 101 格）｜最近合法落点到它 5 格（比候选上限够 96 格）｜合法落点 [(2, 1), (1, 2), (3, 2), (4, 1), (5, 2)]
[斩杀撤人] 玩家方已死 2 名（我方 AI 0 名）、玩家方场上还剩 3 个，其中 白游侠（血 6）我出手全打完仍收不掉 ⇒ 换 小阴影 落 (0, 1) 一刀收尾（动态替补池）（收掉他场上任何一个都算赢）。
[斩杀撤人] 塔盾 出手全打完，仍收不掉 白游侠（血 6）⇒ 撤下 塔盾，换 小阴影 落 (1, 2) 收尾。
[AI替补上人前] 配方档·无预设席 ⇒ 动态替补池 47 人（前 12：伐木工、圣诞老人、毒蛇淑女、鼠队长、傀儡师、医护兵、影丸、德鲁伊、火枪手、巨剑、独脚龟、古拉博士…）
[替补] 小阴影 照着已验过的那一刀执行：走到 (1, 5) 再打 白游侠（落点 (1, 2)、开火格 (1, 5)）
B|撤|例24|玩家已死2/我方已死0|玩家血[6, 9, 9]|我方3人|可撤1次|硬门=放行|撤:塔盾→hero_15
[斩杀撤人] 逐个体检玩家方 2 个（我方已阵亡 0 名 ⇒ 本回合最多可撤 2 次）：
  【白游侠】@(1, 4) 血 2
     1) 候选：动态替补池按「收尾特例」收窄成 13 人（影丸、小阴影、烛火、长剑、大骑士、暗域、太阳斩、嬉皮死神、末日、猎颅者、血锁、坠炮手、宿魂）
     2) 单刀：**大骑士** 做得到 —— 落 (2, 1)、从 (1, 3) 打（它血 2，这一刀就收掉；另有 12 个替补也能收它）
  【白游侠】@(3, 5) 血 12
     1) 候选：动态替补池按「收尾特例」收窄成 13 人（影丸、小阴影、烛火、长剑、大骑士、暗域、太阳斩、嬉皮死神、末日、猎颅者、血锁、坠炮手、宿魂）
     2) 单刀：**没人做得到**（要一刀打掉它 12 血；候选 13 人、合法落点 [(2, 1), (1, 2), (4, 1), (5, 2)]，谁都不行）
     3) 两刀合力：第一刀 太阳斩 削 6 ⇒ 剩下 6，第二刀 **没人做得到**
     4) 落点：候选 13 人（动态替补池，走+射上限 101 格）｜最近合法落点到它 4 格（比候选上限够 97 格）｜合法落点 [(2, 1), (1, 2), (4, 1), (5, 2)]
[斩杀撤人] 玩家方已死 2 名（我方 AI 0 名）、玩家方场上还剩 2 个，其中 白游侠（血 2）我出手全打完仍收不掉 ⇒ 换 大骑士 落 (1, 0) 一刀收尾（动态替补池）（收掉他场上任何一个都算赢）。
[斩杀撤人] 塔盾 出手全打完，仍收不掉 白游侠（血 2）⇒ 撤下 塔盾，换 大骑士 落 (2, 1) 收尾。
[AI替补上人前] 配方档·无预设席 ⇒ 动态替补池 47 人（前 12：伐木工、圣诞老人、毒蛇淑女、鼠队长、傀儡师、医护兵、影丸、德鲁伊、火枪手、巨剑、独脚龟、古拉博士…）
[替补] 大骑士 照着已验过的那一刀执行：走到 (1, 3) 再打 白游侠（落点 (2, 1)、开火格 (1, 3)）
[AI首发部署·配方] 槽位挑不出人且卡组为空 → 跳过本次敌方部署
B|撤|例25|玩家已死2/我方已死0|玩家血[2, 12]|我方3人|可撤1次|硬门=放行|撤:塔盾→hero_24
[斩杀撤人] 逐个体检玩家方 1 个（我方已阵亡 0 名 ⇒ 本回合最多可撤 2 次）：
  【白游侠】@(1, 4) 血 3
     1) 候选：动态替补池按「收尾特例」收窄成 13 人（影丸、小阴影、烛火、长剑、大骑士、暗域、太阳斩、嬉皮死神、末日、猎颅者、血锁、坠炮手、宿魂）
     2) 单刀：**小阴影** 做得到 —— 落 (1, 2)、从 (1, 3) 打（它血 3，这一刀就收掉；另有 9 个替补也能收它）
[斩杀撤人] 不撤：玩家方已阵亡 1 名；本回合能撤 2 次 —— 按「不同替补各收一个」最多能收 1 个 ⇒ 就算全收掉他也只到 2 名（判负线 3）—— **收不掉这一局**，不值得白送自己一个阵亡。
B|不撤|例26|玩家已死1/我方已死0|玩家血[3]|我方2人|可撤2次|硬门=**该拦**|不撤
[斩杀撤人] 逐个体检玩家方 1 个（我方已阵亡 1 名 ⇒ 本回合最多可撤 1 次）：
  【白游侠】@(1, 3) 血 2
     1) 候选：动态替补池按「收尾特例」收窄成 13 人（影丸、小阴影、烛火、长剑、大骑士、暗域、太阳斩、嬉皮死神、末日、猎颅者、血锁、坠炮手、宿魂）
     2) 单刀：**大骑士** 做得到 —— 落 (2, 1)、从 (1, 2) 打（它血 2，这一刀就收掉；另有 12 个替补也能收它）
[斩杀撤人] 不撤：玩家方已阵亡 1 名；本回合能撤 1 次 —— 按「不同替补各收一个」最多能收 1 个 ⇒ 就算全收掉他也只到 2 名（判负线 3）—— **收不掉这一局**，不值得白送自己一个阵亡。
B|不撤|例27|玩家已死1/我方已死1|玩家血[2]|我方3人|可撤1次|硬门=**该拦**|不撤
[斩杀撤人] 逐个体检玩家方 2 个（我方已阵亡 1 名 ⇒ 本回合最多可撤 1 次）：
  【白游侠】@(1, 5) 血 4
     1) 候选：动态替补池按「收尾特例」收窄成 13 人（影丸、小阴影、烛火、长剑、大骑士、暗域、太阳斩、嬉皮死神、末日、猎颅者、血锁、坠炮手、宿魂）
     2) 单刀：**小阴影** 做得到 —— 落 (2, 1)、从 (1, 4) 打（它血 4，这一刀就收掉；另有 3 个替补也能收它）
  【白游侠】@(4, 7) 血 4
     1) 候选：动态替补池按「收尾特例」收窄成 13 人（影丸、小阴影、烛火、长剑、大骑士、暗域、太阳斩、嬉皮死神、末日、猎颅者、血锁、坠炮手、宿魂）
     2) 单刀：**没人做得到**（要一刀打掉它 4 血；候选 13 人、合法落点 [(2, 1), (1, 2), (4, 1), (5, 2)]，谁都不行）
     3) 两刀合力：**本回合最多只能撤 1 次**（我方已阵亡 1 名）⇒ 撤两个 = 自己丢两个阵亡 ⇒ 这条路不成立
     4) 落点：候选 13 人（动态替补池，走+射上限 101 格）｜最近合法落点到它 6 格（比候选上限够 95 格）｜合法落点 [(2, 1), (1, 2), (4, 1), (5, 2)]
[斩杀撤人] 玩家方已死 2 名（我方 AI 1 名）、玩家方场上还剩 2 个，其中 白游侠（血 4）我出手全打完仍收不掉 ⇒ 换 小阴影 落 (1, 0) 一刀收尾（动态替补池）（收掉他场上任何一个都算赢）。
[斩杀撤人] 塔盾 出手全打完，仍收不掉 白游侠（血 4）⇒ 撤下 塔盾，换 小阴影 落 (2, 1) 收尾。
[AI替补上人前] 配方档·无预设席 ⇒ 动态替补池 47 人（前 12：伐木工、圣诞老人、毒蛇淑女、鼠队长、傀儡师、医护兵、影丸、德鲁伊、火枪手、巨剑、独脚龟、古拉博士…）
[替补] 小阴影 照着已验过的那一刀执行：走到 (1, 4) 再打 白游侠（落点 (2, 1)、开火格 (1, 4)）
[AI首发部署·配方] 槽位挑不出人且卡组为空 → 跳过本次敌方部署
B|撤|例28|玩家已死2/我方已死1|玩家血[4, 4]|我方2人|可撤1次|硬门=放行|撤:塔盾→hero_15
[斩杀撤人] 逐个体检玩家方 3 个（我方已阵亡 1 名 ⇒ 本回合最多可撤 1 次）：
  【白游侠】@(3, 5) 血 6
     1) 候选：动态替补池按「收尾特例」收窄成 13 人（影丸、小阴影、烛火、长剑、大骑士、暗域、太阳斩、嬉皮死神、末日、猎颅者、血锁、坠炮手、宿魂）
     2) 单刀：**没人做得到**（要一刀打掉它 6 血；候选 13 人、合法落点 [(2, 1), (1, 2), (3, 2), (4, 1)]，谁都不行）
     3) 两刀合力：**本回合最多只能撤 1 次**（我方已阵亡 1 名）⇒ 撤两个 = 自己丢两个阵亡 ⇒ 这条路不成立
     4) 落点：候选 13 人（动态替补池，走+射上限 101 格）｜最近合法落点到它 3 格（比候选上限够 98 格）｜合法落点 [(2, 1), (1, 2), (3, 2), (4, 1)]
  【白游侠】@(4, 4) 血 8
     1) 候选：动态替补池按「收尾特例」收窄成 13 人（影丸、小阴影、烛火、长剑、大骑士、暗域、太阳斩、嬉皮死神、末日、猎颅者、血锁、坠炮手、宿魂）
     2) 单刀：**没人做得到**（要一刀打掉它 8 血；候选 13 人、合法落点 [(2, 1), (1, 2), (3, 2), (4, 1)]，谁都不行）
     3) 两刀合力：**本回合最多只能撤 1 次**（我方已阵亡 1 名）⇒ 撤两个 = 自己丢两个阵亡 ⇒ 这条路不成立
     4) 落点：候选 13 人（动态替补池，走+射上限 101 格）｜最近合法落点到它 3 格（比候选上限够 98 格）｜合法落点 [(2, 1), (1, 2), (3, 2), (4, 1)]
  【白游侠】@(3, 6) 血 9
     1) 候选：动态替补池按「收尾特例」收窄成 13 人（影丸、小阴影、烛火、长剑、大骑士、暗域、太阳斩、嬉皮死神、末日、猎颅者、血锁、坠炮手、宿魂）
     2) 单刀：**没人做得到**（要一刀打掉它 9 血；候选 13 人、合法落点 [(2, 1), (1, 2), (3, 2), (4, 1)]，谁都不行）
     3) 两刀合力：**本回合最多只能撤 1 次**（我方已阵亡 1 名）⇒ 撤两个 = 自己丢两个阵亡 ⇒ 这条路不成立
     4) 落点：候选 13 人（动态替补池，走+射上限 101 格）｜最近合法落点到它 4 格（比候选上限够 97 格）｜合法落点 [(2, 1), (1, 2), (3, 2), (4, 1)]
[斩杀撤人] 不撤：替补席没人能「落在合法落点、按真实路网走进某个斩杀格、一刀收掉」玩家方任何一个（共 3 个：白游侠(血6)、白游侠(血8)、白游侠(血9)）｜要撤的人=（无）｜替补席=（无预设席·动态池）
B|不撤|例29|玩家已死2/我方已死1|玩家血[6, 8, 9]|我方3人|可撤1次|硬门=放行|不撤
[斩杀撤人] 逐个体检玩家方 2 个（我方已阵亡 0 名 ⇒ 本回合最多可撤 2 次）：
  【白游侠】@(1, 3) 血 2
     1) 候选：动态替补池按「收尾特例」收窄成 13 人（影丸、小阴影、烛火、长剑、大骑士、暗域、太阳斩、嬉皮死神、末日、猎颅者、血锁、坠炮手、宿魂）
     2) 单刀：**大骑士** 做得到 —— 落 (2, 1)、从 (1, 2) 打（它血 2，这一刀就收掉；另有 12 个替补也能收它）
  【白游侠】@(4, 6) 血 11
     1) 候选：动态替补池按「收尾特例」收窄成 13 人（影丸、小阴影、烛火、长剑、大骑士、暗域、太阳斩、嬉皮死神、末日、猎颅者、血锁、坠炮手、宿魂）
     2) 单刀：**没人做得到**（要一刀打掉它 11 血；候选 13 人、合法落点 [(2, 1), (1, 2), (3, 2), (4, 1), (5, 2)]，谁都不行）
     3) 两刀合力：第一刀 影丸 削 5 ⇒ 剩下 6，第二刀 **没人做得到**
     4) 落点：候选 13 人（动态替补池，走+射上限 101 格）｜最近合法落点到它 5 格（比候选上限够 96 格）｜合法落点 [(2, 1), (1, 2), (3, 2), (4, 1), (5, 2)]
[斩杀撤人] 不撤：玩家方已阵亡 0 名；本回合能撤 2 次 —— 按「不同替补各收一个」最多能收 1 个 ⇒ 就算全收掉他也只到 1 名（判负线 3）—— **收不掉这一局**，不值得白送自己一个阵亡。
B|不撤|例30|玩家已死0/我方已死0|玩家血[2, 11]|我方2人|可撤2次|硬门=**该拦**|不撤
[斩杀撤人] 逐个体检玩家方 2 个（我方已阵亡 1 名 ⇒ 本回合最多可撤 1 次）：
  【白游侠】@(4, 4) 血 4
     1) 候选：动态替补池按「收尾特例」收窄成 13 人（影丸、小阴影、烛火、长剑、大骑士、暗域、太阳斩、嬉皮死神、末日、猎颅者、血锁、坠炮手、宿魂）
     2) 单刀：**小阴影** 做得到 —— 落 (2, 1)、从 (4, 3) 打（它血 4，这一刀就收掉；另有 3 个替补也能收它）
  【白游侠】@(2, 4) 血 8
     1) 候选：动态替补池按「收尾特例」收窄成 13 人（影丸、小阴影、烛火、长剑、大骑士、暗域、太阳斩、嬉皮死神、末日、猎颅者、血锁、坠炮手、宿魂）
     2) 单刀：**没人做得到**（要一刀打掉它 8 血；候选 13 人、合法落点 [(2, 1), (1, 2), (3, 2), (4, 1), (5, 2)]，谁都不行）
     3) 两刀合力：**本回合最多只能撤 1 次**（我方已阵亡 1 名）⇒ 撤两个 = 自己丢两个阵亡 ⇒ 这条路不成立
     4) 落点：候选 13 人（动态替补池，走+射上限 101 格）｜最近合法落点到它 3 格（比候选上限够 98 格）｜合法落点 [(2, 1), (1, 2), (3, 2), (4, 1), (5, 2)]
[斩杀撤人] 玩家方已死 2 名（我方 AI 1 名）、玩家方场上还剩 2 个，其中 白游侠（血 4）我出手全打完仍收不掉 ⇒ 换 小阴影 落 (1, 0) 一刀收尾（动态替补池）（收掉他场上任何一个都算赢）。
[斩杀撤人] 塔盾 出手全打完，仍收不掉 白游侠（血 4）⇒ 撤下 塔盾，换 小阴影 落 (2, 1) 收尾。
[AI替补上人前] 配方档·无预设席 ⇒ 动态替补池 47 人（前 12：伐木工、圣诞老人、毒蛇淑女、鼠队长、傀儡师、医护兵、影丸、德鲁伊、火枪手、巨剑、独脚龟、古拉博士…）
[替补] 小阴影 照着已验过的那一刀执行：走到 (4, 3) 再打 白游侠（落点 (2, 1)、开火格 (4, 3)）
B|撤|例31|玩家已死2/我方已死1|玩家血[4, 8]|我方2人|可撤1次|硬门=放行|撤:塔盾→hero_15
[斩杀撤人] 逐个体检玩家方 2 个（我方已阵亡 0 名 ⇒ 本回合最多可撤 2 次）：
  【白游侠】@(5, 5) 血 2
     1) 候选：动态替补池按「收尾特例」收窄成 13 人（影丸、小阴影、烛火、长剑、大骑士、暗域、太阳斩、嬉皮死神、末日、猎颅者、血锁、坠炮手、宿魂）
     2) 单刀：**大骑士** 做得到 —— 落 (2, 1)、从 (4, 4) 打（它血 2，这一刀就收掉；另有 12 个替补也能收它）
  【白游侠】@(4, 7) 血 7
     1) 候选：动态替补池按「收尾特例」收窄成 13 人（影丸、小阴影、烛火、长剑、大骑士、暗域、太阳斩、嬉皮死神、末日、猎颅者、血锁、坠炮手、宿魂）
     2) 单刀：**没人做得到**（要一刀打掉它 7 血；候选 13 人、合法落点 [(2, 1), (1, 2), (4, 1), (5, 2)]，谁都不行）
     3) 两刀合力：第一刀 坠炮手 削 3 ⇒ 剩下 4，第二刀 **没人做得到**
     4) 落点：候选 13 人（动态替补池，走+射上限 101 格）｜最近合法落点到它 6 格（比候选上限够 95 格）｜合法落点 [(2, 1), (1, 2), (4, 1), (5, 2)]
[斩杀撤人] 不撤：玩家方已阵亡 1 名；本回合能撤 2 次 —— 按「不同替补各收一个」最多能收 1 个 ⇒ 就算全收掉他也只到 2 名（判负线 3）—— **收不掉这一局**，不值得白送自己一个阵亡。
B|不撤|例32|玩家已死1/我方已死0|玩家血[2, 7]|我方3人|可撤2次|硬门=放行|不撤
[斩杀撤人] 不撤：玩家方还不够残（已死 1 名 ⇒ 要求场上最低的 2 个血量之和 ≤ 6，实际 9）—— 撤下是白送自己一个阵亡，不值得为一个满血目标赌。
B|不撤|例33|玩家已死1/我方已死1|玩家血[3, 6, 8]|我方1人|可撤1次|硬门=**该拦**|不撤
[斩杀撤人] 逐个体检玩家方 1 个（我方已阵亡 0 名 ⇒ 本回合最多可撤 2 次）：
  【白游侠】@(4, 5) 血 9
     1) 候选：动态替补池按「收尾特例」收窄成 13 人（影丸、小阴影、烛火、长剑、大骑士、暗域、太阳斩、嬉皮死神、末日、猎颅者、血锁、坠炮手、宿魂）
     2) 单刀：**没人做得到**（要一刀打掉它 9 血；候选 13 人、合法落点 [(1, 2), (3, 2), (4, 1), (5, 2)]，谁都不行）
     3) 两刀合力：第一刀 小阴影 削 6 ⇒ 剩下 3，第二刀 烛火
     4) ⇒ **认这一刀**：先让 小阴影 削 6（落 (3, 2)、从 (4, 4) 打），剩下的 3 交给 烛火 收（**要花 2 个撤人名额**换这一个）
[斩杀撤人] 不撤：玩家方已阵亡 1 名；本回合能撤 2 次 —— 按「不同替补各收一个」最多能收 1 个 ⇒ 就算全收掉他也只到 2 名（判负线 3）—— **收不掉这一局**，不值得白送自己一个阵亡。
B|不撤|例34|玩家已死1/我方已死0|玩家血[9]|我方2人|可撤2次|硬门=**该拦**|不撤
[斩杀撤人] 逐个体检玩家方 3 个（我方已阵亡 0 名 ⇒ 本回合最多可撤 2 次）：
  【白游侠】@(4, 6) 血 6
     1) 候选：动态替补池按「收尾特例」收窄成 13 人（影丸、小阴影、烛火、长剑、大骑士、暗域、太阳斩、嬉皮死神、末日、猎颅者、血锁、坠炮手、宿魂）
     2) 单刀：**没人做得到**（要一刀打掉它 6 血；候选 13 人、合法落点 [(2, 1), (1, 2), (3, 2), (5, 2)]，谁都不行）
     3) 两刀合力：第一刀 影丸 削 5 ⇒ 剩下 1，第二刀 大骑士
     4) ⇒ **认这一刀**：先让 影丸 削 5（落 (3, 2)、从 (3, 5) 打），剩下的 1 交给 大骑士 收（**要花 2 个撤人名额**换这一个）
  【白游侠】@(5, 4) 血 7
     1) 候选：动态替补池按「收尾特例」收窄成 13 人（影丸、小阴影、烛火、长剑、大骑士、暗域、太阳斩、嬉皮死神、末日、猎颅者、血锁、坠炮手、宿魂）
     2) 单刀：**没人做得到**（要一刀打掉它 7 血；候选 13 人、合法落点 [(2, 1), (1, 2), (3, 2), (5, 2)]，谁都不行）
     3) 两刀合力：第一刀 太阳斩 削 6 ⇒ 剩下 1，第二刀 大骑士
     4) ⇒ **认这一刀**：先让 太阳斩 削 6（落 (2, 1)、从 (4, 3) 打），剩下的 1 交给 大骑士 收（**要花 2 个撤人名额**换这一个）
  【白游侠】@(1, 3) 血 11
     1) 候选：动态替补池按「收尾特例」收窄成 13 人（影丸、小阴影、烛火、长剑、大骑士、暗域、太阳斩、嬉皮死神、末日、猎颅者、血锁、坠炮手、宿魂）
     2) 单刀：**没人做得到**（要一刀打掉它 11 血；候选 13 人、合法落点 [(2, 1), (1, 2), (3, 2), (5, 2)]，谁都不行）
     3) 两刀合力：第一刀 太阳斩 削 6 ⇒ 剩下 5，第二刀 嬉皮死神
     4) ⇒ **认这一刀**：先让 太阳斩 削 6（落 (2, 1)、从 (1, 2) 打），剩下的 5 交给 嬉皮死神 收（**要花 2 个撤人名额**换这一个）
[斩杀撤人] 玩家方已死 2 名（我方 AI 0 名）、玩家方场上还剩 3 个，其中 白游侠（血 6）我出手全打完仍收不掉 ⇒ 换 影丸 落 (2, 1) 一刀收尾（动态替补池）（收掉他场上任何一个都算赢）。
[斩杀撤人] 塔盾 出手全打完，仍收不掉 白游侠（血 6）⇒ 撤下 塔盾，换 影丸 落 (3, 2) 收尾。
[AI替补上人前] 配方档·无预设席 ⇒ 动态替补池 47 人（前 12：伐木工、圣诞老人、毒蛇淑女、鼠队长、傀儡师、医护兵、影丸、德鲁伊、火枪手、巨剑、独脚龟、古拉博士…）
[替补·诊断] 影丸 没走「照那一刀执行」⇒ 落点 (3, 2) 按真实路网走不到开火格 (3, 5)（替补现在 3 格移动力；路上被单位/墓碑/障碍挡住）
[替补] 影丸 按几何选的一手（不走短搜索）：原地打 白游侠（约 5 伤）
[斩杀撤人] 逐个体检玩家方 3 个（我方已阵亡 1 名 ⇒ 本回合最多可撤 1 次，这是本回合第 2 次换人）：
  【白游侠】@(1, 3) 血 6
     1) 候选：动态替补池按「收尾特例」收窄成 12 人（小阴影、烛火、长剑、大骑士、暗域、太阳斩、嬉皮死神、末日、猎颅者、血锁、坠炮手、宿魂）
     2) 单刀：**小阴影** 做得到 —— 落 (2, 1)、从 (1, 2) 打（它血 6，这一刀就收掉；另有 2 个替补也能收它）
  【白游侠】@(4, 6) 血 6
     1) 候选：动态替补池按「收尾特例」收窄成 12 人（小阴影、烛火、长剑、大骑士、暗域、太阳斩、嬉皮死神、末日、猎颅者、血锁、坠炮手、宿魂）
     2) 单刀：**没人做得到**（要一刀打掉它 6 血；候选 12 人、合法落点 [(2, 1), (1, 2), (5, 2)]，谁都不行）
     3) 两刀合力：**本回合最多只能撤 1 次**（我方已阵亡 1 名）⇒ 撤两个 = 自己丢两个阵亡 ⇒ 这条路不成立
     4) 落点：候选 12 人（动态替补池，走+射上限 101 格）｜最近合法落点到它 5 格（比候选上限够 96 格）｜合法落点 [(2, 1), (1, 2), (5, 2)]
  【白游侠】@(5, 4) 血 7
     1) 候选：动态替补池按「收尾特例」收窄成 12 人（小阴影、烛火、长剑、大骑士、暗域、太阳斩、嬉皮死神、末日、猎颅者、血锁、坠炮手、宿魂）
     2) 单刀：**没人做得到**（要一刀打掉它 7 血；候选 12 人、合法落点 [(2, 1), (1, 2), (5, 2)]，谁都不行）
     3) 两刀合力：**本回合最多只能撤 1 次**（我方已阵亡 1 名）⇒ 撤两个 = 自己丢两个阵亡 ⇒ 这条路不成立
     4) 落点：候选 12 人（动态替补池，走+射上限 101 格）｜最近合法落点到它 2 格（比候选上限够 99 格）｜合法落点 [(2, 1), (1, 2), (5, 2)]
[斩杀撤人] 玩家方已死 2 名（我方 AI 1 名）、玩家方场上还剩 3 个，其中 白游侠（血 6）我出手全打完仍收不掉 ⇒ 换 小阴影 落 (1, 0) 一刀收尾（动态替补池）（收掉他场上任何一个都算赢）。
[斩杀撤人] 影丸 出手全打完，仍收不掉 白游侠（血 6）⇒ 撤下 影丸，换 小阴影 落 (1, 2) 收尾（那一刀从 (1, 2) 打出去 ⇒ 直接落这一格）。
[AI替补上人前] 配方档·无预设席 ⇒ 动态替补池 47 人（前 12：伐木工、圣诞老人、毒蛇淑女、鼠队长、傀儡师、医护兵、影丸、德鲁伊、火枪手、巨剑、独脚龟、古拉博士…）
[替补] 小阴影 照着已验过的那一刀执行：原地打 白游侠（落点 (1, 2)、开火格 (1, 2)）
B|撤|例35|玩家已死2/我方已死0|玩家血[6, 7, 11]|我方2人|可撤1次|硬门=放行|撤:塔盾→hero_07
[斩杀撤人] 逐个体检玩家方 1 个（我方已阵亡 0 名 ⇒ 本回合最多可撤 2 次）：
  【白游侠】@(2, 7) 血 4
     1) 候选：动态替补池按「收尾特例」收窄成 13 人（影丸、小阴影、烛火、长剑、大骑士、暗域、太阳斩、嬉皮死神、末日、猎颅者、血锁、坠炮手、宿魂）
     2) 单刀：**没人做得到**（要一刀打掉它 4 血；候选 13 人、合法落点 [(2, 1), (3, 2), (4, 1), (5, 2)]，谁都不行）
     3) 两刀合力：第一刀 坠炮手 削 3 ⇒ 剩下 1，第二刀 大骑士
     4) ⇒ **认这一刀**：先让 坠炮手 削 3（落 (2, 1)、从 (2, 1) 打），剩下的 1 交给 大骑士 收（**要花 2 个撤人名额**换这一个）
[斩杀撤人] 不撤：玩家方已阵亡 0 名；本回合能撤 2 次 —— 按「不同替补各收一个」最多能收 1 个 ⇒ 就算全收掉他也只到 1 名（判负线 3）—— **收不掉这一局**，不值得白送自己一个阵亡。
B|不撤|例36|玩家已死0/我方已死0|玩家血[4]|我方3人|可撤2次|硬门=**该拦**|不撤
[斩杀撤人] 不撤：玩家方还不够残（已死 1 名 ⇒ 要求场上最低的 2 个血量之和 ≤ 12，实际 14）—— 撤下是白送自己一个阵亡，不值得为一个满血目标赌。
B|不撤|例37|玩家已死1/我方已死0|玩家血[4, 10]|我方3人|可撤2次|硬门=放行|不撤
[斩杀撤人] 逐个体检玩家方 1 个（我方已阵亡 0 名 ⇒ 本回合最多可撤 2 次）：
  【白游侠】@(3, 7) 血 1
     1) 候选：动态替补池按「收尾特例」收窄成 13 人（影丸、小阴影、烛火、长剑、大骑士、暗域、太阳斩、嬉皮死神、末日、猎颅者、血锁、坠炮手、宿魂）
     2) 单刀：**大骑士** 做得到 —— 落 (2, 1)、从 (2, 6) 打（它血 1，这一刀就收掉；另有 3 个替补也能收它）
[斩杀撤人] 玩家方已死 2 名（我方 AI 0 名）、玩家方场上还剩 1 个，其中 白游侠（血 1）我出手全打完仍收不掉 ⇒ 换 大骑士 落 (1, 0) 一刀收尾（动态替补池）（收掉他场上任何一个都算赢）。
[斩杀撤人] 塔盾 出手全打完，仍收不掉 白游侠（血 1）⇒ 撤下 塔盾，换 大骑士 落 (2, 1) 收尾。
[AI替补上人前] 配方档·无预设席 ⇒ 动态替补池 47 人（前 12：伐木工、圣诞老人、毒蛇淑女、鼠队长、傀儡师、医护兵、影丸、德鲁伊、火枪手、巨剑、独脚龟、古拉博士…）
[替补] 大骑士 照着已验过的那一刀执行：走到 (2, 6) 再打 白游侠（落点 (2, 1)、开火格 (2, 6)）
[AI首发部署·配方] 槽位挑不出人且卡组为空 → 跳过本次敌方部署
[回放·没打成] 大骑士：这一手安排了攻击、但没打出去 ⇒ 目标 白游侠@(3, 7) ｜ 距离 6 vs 我的射程 1 ｜ 我实际站在 (2, 1)
[补算] 大骑士 原计划失效，就地重搜一招：{ "move": <null>, "atk": -1 }
[斩杀撤人] 逐个体检玩家方 1 个（我方已阵亡 1 名 ⇒ 本回合最多可撤 1 次，这是本回合第 2 次换人）：
  【白游侠】@(3, 7) 血 1
     1) 候选：动态替补池按「收尾特例」收窄成 12 人（影丸、小阴影、烛火、长剑、暗域、太阳斩、嬉皮死神、末日、猎颅者、血锁、坠炮手、宿魂）
     2) 单刀：**血锁** 做得到 —— 落 (3, 2)、从 (3, 4) 打（它血 1，这一刀就收掉；另有 2 个替补也能收它）
[斩杀撤人] 玩家方已死 2 名（我方 AI 1 名）、玩家方场上还剩 1 个，其中 白游侠（血 1）我出手全打完仍收不掉 ⇒ 换 血锁 落 (2, 1) 一刀收尾（动态替补池）（收掉他场上任何一个都算赢）。
[斩杀撤人] 塔盾 出手全打完，仍收不掉 白游侠（血 1）⇒ 撤下 塔盾，换 血锁 落 (3, 2) 收尾。
[AI替补上人前] 配方档·无预设席 ⇒ 动态替补池 46 人（前 12：伐木工、圣诞老人、毒蛇淑女、鼠队长、傀儡师、医护兵、影丸、德鲁伊、火枪手、巨剑、独脚龟、古拉博士…）
[替补] 血锁 照着已验过的那一刀执行：走到 (3, 4) 再打 白游侠（落点 (3, 2)、开火格 (3, 4)）
B|撤|例38|玩家已死2/我方已死0|玩家血[1]|我方3人|可撤1次|硬门=放行|撤:塔盾→hero_24
[斩杀撤人] 逐个体检玩家方 2 个（我方已阵亡 0 名 ⇒ 本回合最多可撤 2 次）：
  【白游侠】@(5, 4) 血 3
     1) 候选：动态替补池按「收尾特例」收窄成 13 人（影丸、小阴影、烛火、长剑、大骑士、暗域、太阳斩、嬉皮死神、末日、猎颅者、血锁、坠炮手、宿魂）
     2) 单刀：**小阴影** 做得到 —— 落 (2, 1)、从 (4, 3) 打（它血 3，这一刀就收掉；另有 9 个替补也能收它）
  【白游侠】@(4, 7) 血 9
     1) 候选：动态替补池按「收尾特例」收窄成 13 人（影丸、小阴影、烛火、长剑、大骑士、暗域、太阳斩、嬉皮死神、末日、猎颅者、血锁、坠炮手、宿魂）
     2) 单刀：**没人做得到**（要一刀打掉它 9 血；候选 13 人、合法落点 [(2, 1), (3, 2), (4, 1), (5, 2)]，谁都不行）
     3) 两刀合力：第一刀 坠炮手 削 3 ⇒ 剩下 6，第二刀 **没人做得到**
     4) 落点：候选 13 人（动态替补池，走+射上限 101 格）｜最近合法落点到它 6 格（比候选上限够 95 格）｜合法落点 [(2, 1), (3, 2), (4, 1), (5, 2)]
[斩杀撤人] 不撤：玩家方已阵亡 0 名；本回合能撤 2 次 —— 按「不同替补各收一个」最多能收 1 个 ⇒ 就算全收掉他也只到 1 名（判负线 3）—— **收不掉这一局**，不值得白送自己一个阵亡。
B|不撤|例39|玩家已死0/我方已死0|玩家血[3, 9]|我方2人|可撤2次|硬门=**该拦**|不撤
[斩杀撤人] 逐个体检玩家方 1 个（我方已阵亡 0 名 ⇒ 本回合最多可撤 2 次）：
  【白游侠】@(4, 7) 血 5
     1) 候选：动态替补池按「收尾特例」收窄成 13 人（影丸、小阴影、烛火、长剑、大骑士、暗域、太阳斩、嬉皮死神、末日、猎颅者、血锁、坠炮手、宿魂）
     2) 单刀：**没人做得到**（要一刀打掉它 5 血；候选 13 人、合法落点 [(2, 1), (1, 2), (3, 2), (4, 1), (5, 2)]，谁都不行）
     3) 两刀合力：第一刀 坠炮手 削 3 ⇒ 剩下 2，第二刀 大骑士
     4) ⇒ **认这一刀**：先让 坠炮手 削 3（落 (2, 1)、从 (2, 1) 打），剩下的 2 交给 大骑士 收（**要花 2 个撤人名额**换这一个）
[斩杀撤人] 不撤：玩家方已阵亡 0 名；本回合能撤 1 次 —— 按「不同替补各收一个」最多能收 0 个 ⇒ 就算全收掉他也只到 0 名（判负线 3）—— **收不掉这一局**，不值得白送自己一个阵亡。
B|不撤|例40|玩家已死0/我方已死0|玩家血[5]|我方1人|可撤2次|硬门=**该拦**|不撤
[斩杀撤人] 逐个体检玩家方 3 个（我方已阵亡 0 名 ⇒ 本回合最多可撤 2 次）：
  【白游侠】@(4, 5) 血 1
     1) 候选：动态替补池按「收尾特例」收窄成 13 人（影丸、小阴影、烛火、长剑、大骑士、暗域、太阳斩、嬉皮死神、末日、猎颅者、血锁、坠炮手、宿魂）
     2) 单刀：**大骑士** 做得到 —— 落 (2, 1)、从 (4, 4) 打（它血 1，这一刀就收掉；另有 8 个替补也能收它）
  【白游侠】@(4, 6) 血 5
     1) 候选：动态替补池按「收尾特例」收窄成 13 人（影丸、小阴影、烛火、长剑、大骑士、暗域、太阳斩、嬉皮死神、末日、猎颅者、血锁、坠炮手、宿魂）
     2) 单刀：**没人做得到**（要一刀打掉它 5 血；候选 13 人、合法落点 [(2, 1), (1, 2), (3, 2), (4, 1), (5, 2)]，谁都不行）
     3) 两刀合力：第一刀 坠炮手 削 3 ⇒ 剩下 2，第二刀 大骑士
     4) ⇒ **认这一刀**：先让 坠炮手 削 3（落 (2, 1)、从 (2, 1) 打），剩下的 2 交给 大骑士 收（**要花 2 个撤人名额**换这一个）
  【白游侠】@(2, 7) 血 9
     1) 候选：动态替补池按「收尾特例」收窄成 13 人（影丸、小阴影、烛火、长剑、大骑士、暗域、太阳斩、嬉皮死神、末日、猎颅者、血锁、坠炮手、宿魂）
     2) 单刀：**没人做得到**（要一刀打掉它 9 血；候选 13 人、合法落点 [(2, 1), (1, 2), (3, 2), (4, 1), (5, 2)]，谁都不行）
     3) 两刀合力：第一刀 坠炮手 削 3 ⇒ 剩下 6，第二刀 **没人做得到**
     4) 落点：候选 13 人（动态替补池，走+射上限 101 格）｜最近合法落点到它 6 格（比候选上限够 95 格）｜合法落点 [(2, 1), (1, 2), (3, 2), (4, 1), (5, 2)]
[斩杀撤人] 不撤：玩家方已阵亡 0 名；本回合能撤 1 次 —— 按「不同替补各收一个」最多能收 1 个 ⇒ 就算全收掉他也只到 1 名（判负线 3）—— **收不掉这一局**，不值得白送自己一个阵亡。
B|不撤|例41|玩家已死0/我方已死0|玩家血[1, 5, 9]|我方1人|可撤2次|硬门=**该拦**|不撤
[斩杀撤人] 逐个体检玩家方 1 个（我方已阵亡 0 名 ⇒ 本回合最多可撤 2 次）：
  【白游侠】@(5, 2) 血 6
     1) 候选：动态替补池按「收尾特例」收窄成 13 人（影丸、小阴影、烛火、长剑、大骑士、暗域、太阳斩、嬉皮死神、末日、猎颅者、血锁、坠炮手、宿魂）
     2) 单刀：**小阴影** 做得到 —— 落 (2, 1)、从 (4, 1) 打（它血 6，这一刀就收掉；另有 2 个替补也能收它）
[斩杀撤人] 玩家方已死 2 名（我方 AI 0 名）、玩家方场上还剩 1 个，其中 白游侠（血 6）我出手全打完仍收不掉 ⇒ 换 小阴影 落 (1, 0) 一刀收尾（动态替补池）（收掉他场上任何一个都算赢）。
[斩杀撤人] 塔盾 出手全打完，仍收不掉 白游侠（血 6）⇒ 撤下 塔盾，换 小阴影 落 (4, 1) 收尾（那一刀从 (4, 1) 打出去 ⇒ 直接落这一格）。
[AI替补上人前] 配方档·无预设席 ⇒ 动态替补池 48 人（前 12：伐木工、圣诞老人、毒蛇淑女、鼠队长、傀儡师、医护兵、影丸、德鲁伊、火枪手、塔盾、巨剑、独脚龟…）
[替补] 小阴影 照着已验过的那一刀执行：原地打 白游侠（落点 (4, 1)、开火格 (4, 1)）
[AI首发部署·配方] 槽位挑不出人且卡组为空 → 跳过本次敌方部署
B|撤|例42|玩家已死2/我方已死0|玩家血[6]|我方1人|可撤1次|硬门=放行|撤:塔盾→hero_15
[斩杀撤人] 逐个体检玩家方 1 个（我方已阵亡 0 名 ⇒ 本回合最多可撤 2 次）：
  【白游侠】@(1, 6) 血 10
     1) 候选：动态替补池按「收尾特例」收窄成 13 人（影丸、小阴影、烛火、长剑、大骑士、暗域、太阳斩、嬉皮死神、末日、猎颅者、血锁、坠炮手、宿魂）
     2) 单刀：**没人做得到**（要一刀打掉它 10 血；候选 13 人、合法落点 [(2, 1), (1, 2), (3, 2), (4, 1), (5, 2)]，谁都不行）
     3) 两刀合力：第一刀 小阴影 削 6 ⇒ 剩下 4，第二刀 太阳斩
     4) ⇒ **认这一刀**：先让 小阴影 削 6（落 (1, 2)、从 (1, 5) 打），剩下的 4 交给 太阳斩 收（**要花 2 个撤人名额**换这一个）
[斩杀撤人] 不撤：玩家方已阵亡 1 名；本回合能撤 1 次 —— 按「不同替补各收一个」最多能收 0 个 ⇒ 就算全收掉他也只到 1 名（判负线 3）—— **收不掉这一局**，不值得白送自己一个阵亡。
B|不撤|例43|玩家已死1/我方已死0|玩家血[10]|我方1人|可撤2次|硬门=**该拦**|不撤
[斩杀撤人] 逐个体检玩家方 3 个（我方已阵亡 0 名 ⇒ 本回合最多可撤 2 次）：
  【白游侠】@(4, 4) 血 2
     1) 候选：动态替补池按「收尾特例」收窄成 13 人（影丸、小阴影、烛火、长剑、大骑士、暗域、太阳斩、嬉皮死神、末日、猎颅者、血锁、坠炮手、宿魂）
     2) 单刀：**没人做得到**（要一刀打掉它 2 血；候选 13 人、合法落点 [(2, 1), (3, 2), (4, 1), (5, 2)]，谁都不行）
     3) 两刀合力：第一刀 **没人做得到** 削 0 ⇒ 剩下 2，第二刀 **没人做得到**
     4) 落点：候选 13 人（动态替补池，走+射上限 101 格）｜最近合法落点到它 3 格（比候选上限够 98 格）｜合法落点 [(2, 1), (3, 2), (4, 1), (5, 2)]
  【白游侠】@(4, 2) 血 8
     1) 候选：动态替补池按「收尾特例」收窄成 13 人（影丸、小阴影、烛火、长剑、大骑士、暗域、太阳斩、嬉皮死神、末日、猎颅者、血锁、坠炮手、宿魂）
     2) 单刀：**没人做得到**（要一刀打掉它 8 血；候选 13 人、合法落点 [(2, 1), (3, 2), (4, 1), (5, 2)]，谁都不行）
     3) 两刀合力：第一刀 太阳斩 削 6 ⇒ 剩下 2，第二刀 大骑士
     4) ⇒ **认这一刀**：先让 太阳斩 削 6（落 (2, 1)、从 (4, 1) 打），剩下的 2 交给 大骑士 收（**要花 2 个撤人名额**换这一个）
  【白游侠】@(3, 7) 血 11
     1) 候选：动态替补池按「收尾特例」收窄成 13 人（影丸、小阴影、烛火、长剑、大骑士、暗域、太阳斩、嬉皮死神、末日、猎颅者、血锁、坠炮手、宿魂）
     2) 单刀：**没人做得到**（要一刀打掉它 11 血；候选 13 人、合法落点 [(2, 1), (3, 2), (4, 1), (5, 2)]，谁都不行）
     3) 两刀合力：第一刀 坠炮手 削 3 ⇒ 剩下 8，第二刀 **没人做得到**
     4) 落点：候选 13 人（动态替补池，走+射上限 101 格）｜最近合法落点到它 5 格（比候选上限够 96 格）｜合法落点 [(2, 1), (3, 2), (4, 1), (5, 2)]
[斩杀撤人] 玩家方已死 2 名（我方 AI 0 名）、玩家方场上还剩 3 个，其中 白游侠（血 8）我出手全打完仍收不掉 ⇒ 换 太阳斩 落 (1, 0) 一刀收尾（动态替补池）（收掉他场上任何一个都算赢）。
[斩杀撤人] 塔盾 出手全打完，仍收不掉 白游侠（血 8）⇒ 撤下 塔盾，换 太阳斩 落 (4, 1) 收尾（那一刀从 (4, 1) 打出去 ⇒ 直接落这一格）。
[AI替补上人前] 配方档·无预设席 ⇒ 动态替补池 47 人（前 12：伐木工、圣诞老人、毒蛇淑女、鼠队长、傀儡师、医护兵、影丸、德鲁伊、火枪手、巨剑、独脚龟、古拉博士…）
[替补·诊断] 太阳斩 没走「照那一刀执行」⇒ 复核没过（这一刀不够重 / 被[嘲讽]门挡住 / 目标带盾）
[替补] 太阳斩 按几何选的一手（不走短搜索）：原地打 白游侠（约 6 伤）
[斩杀撤人] 逐个体检玩家方 3 个（我方已阵亡 1 名 ⇒ 本回合最多可撤 1 次，这是本回合第 2 次换人）：
  【白游侠】@(4, 2) 血 2
     1) 候选：动态替补池按「收尾特例」收窄成 12 人（影丸、小阴影、烛火、长剑、大骑士、暗域、嬉皮死神、末日、猎颅者、血锁、坠炮手、宿魂）
     2) 单刀：**大骑士** 做得到 —— 落 (2, 1)、从 (4, 1) 打（它血 2，这一刀就收掉；另有 11 个替补也能收它）
  【白游侠】@(4, 4) 血 2
     1) 候选：动态替补池按「收尾特例」收窄成 12 人（影丸、小阴影、烛火、长剑、大骑士、暗域、嬉皮死神、末日、猎颅者、血锁、坠炮手、宿魂）
     2) 单刀：**没人做得到**（要一刀打掉它 2 血；候选 12 人、合法落点 [(2, 1), (3, 2), (5, 2)]，谁都不行）
     3) 两刀合力：**本回合最多只能撤 1 次**（我方已阵亡 1 名）⇒ 撤两个 = 自己丢两个阵亡 ⇒ 这条路不成立
     4) 落点：候选 12 人（动态替补池，走+射上限 101 格）｜最近合法落点到它 3 格（比候选上限够 98 格）｜合法落点 [(2, 1), (3, 2), (5, 2)]
  【白游侠】@(3, 7) 血 11
     1) 候选：动态替补池按「收尾特例」收窄成 12 人（影丸、小阴影、烛火、长剑、大骑士、暗域、嬉皮死神、末日、猎颅者、血锁、坠炮手、宿魂）
     2) 单刀：**没人做得到**（要一刀打掉它 11 血；候选 12 人、合法落点 [(2, 1), (3, 2), (5, 2)]，谁都不行）
     3) 两刀合力：**本回合最多只能撤 1 次**（我方已阵亡 1 名）⇒ 撤两个 = 自己丢两个阵亡 ⇒ 这条路不成立
     4) 落点：候选 12 人（动态替补池，走+射上限 101 格）｜最近合法落点到它 5 格（比候选上限够 96 格）｜合法落点 [(2, 1), (3, 2), (5, 2)]
[斩杀撤人] 玩家方已死 2 名（我方 AI 1 名）、玩家方场上还剩 3 个，其中 白游侠（血 2）我出手全打完仍收不掉 ⇒ 换 大骑士 落 (1, 0) 一刀收尾（动态替补池）（收掉他场上任何一个都算赢）。
[斩杀撤人] 太阳斩 出手全打完，仍收不掉 白游侠（血 2）⇒ 撤下 太阳斩，换 大骑士 落 (2, 1) 收尾。
[AI替补上人前] 配方档·无预设席 ⇒ 动态替补池 47 人（前 12：伐木工、圣诞老人、毒蛇淑女、鼠队长、傀儡师、医护兵、影丸、德鲁伊、火枪手、巨剑、独脚龟、古拉博士…）
[替补] 大骑士 照着已验过的那一刀执行：走到 (4, 1) 再打 白游侠（落点 (2, 1)、开火格 (4, 1)）
B|撤|例44|玩家已死2/我方已死0|玩家血[2, 8, 11]|我方2人|可撤1次|硬门=放行|撤:塔盾→hero_29
[斩杀撤人] 逐个体检玩家方 2 个（我方已阵亡 0 名 ⇒ 本回合最多可撤 2 次）：
  【白游侠】@(3, 2) 血 1
     1) 候选：动态替补池按「收尾特例」收窄成 13 人（影丸、小阴影、烛火、长剑、大骑士、暗域、太阳斩、嬉皮死神、末日、猎颅者、血锁、坠炮手、宿魂）
     2) 单刀：**大骑士** 做得到 —— 落 (1, 2)、从 (2, 1) 打（它血 1，这一刀就收掉；另有 12 个替补也能收它）
  【白游侠】@(2, 7) 血 5
     1) 候选：动态替补池按「收尾特例」收窄成 13 人（影丸、小阴影、烛火、长剑、大骑士、暗域、太阳斩、嬉皮死神、末日、猎颅者、血锁、坠炮手、宿魂）
     2) 单刀：**没人做得到**（要一刀打掉它 5 血；候选 13 人、合法落点 [(1, 2), (4, 1), (5, 2)]，谁都不行）
     3) 两刀合力：第一刀 坠炮手 削 3 ⇒ 剩下 2，第二刀 大骑士
     4) ⇒ **认这一刀**：先让 坠炮手 削 3（落 (1, 2)、从 (1, 2) 打），剩下的 2 交给 大骑士 收（**要花 2 个撤人名额**换这一个）
[斩杀撤人] 不撤：玩家方已阵亡 0 名；本回合能撤 2 次 —— 按「不同替补各收一个」最多能收 1 个 ⇒ 就算全收掉他也只到 1 名（判负线 3）—— **收不掉这一局**，不值得白送自己一个阵亡。
B|不撤|例45|玩家已死0/我方已死0|玩家血[1, 5]|我方3人|可撤2次|硬门=**该拦**|不撤
[斩杀撤人] 逐个体检玩家方 2 个（我方已阵亡 0 名 ⇒ 本回合最多可撤 2 次）：
  【白游侠】@(4, 6) 血 1
     1) 候选：动态替补池按「收尾特例」收窄成 13 人（影丸、小阴影、烛火、长剑、大骑士、暗域、太阳斩、嬉皮死神、末日、猎颅者、血锁、坠炮手、宿魂）
     2) 单刀：**大骑士** 做得到 —— 落 (2, 1)、从 (4, 5) 打（它血 1，这一刀就收掉；另有 3 个替补也能收它）
  【白游侠】@(3, 6) 血 3
     1) 候选：动态替补池按「收尾特例」收窄成 13 人（影丸、小阴影、烛火、长剑、大骑士、暗域、太阳斩、嬉皮死神、末日、猎颅者、血锁、坠炮手、宿魂）
     2) 单刀：**小阴影** 做得到 —— 落 (3, 2)、从 (3, 5) 打（它血 3，这一刀就收掉；另有 6 个替补也能收它）
[斩杀撤人] 玩家方已死 1 名（我方 AI 0 名）、玩家方场上还剩 2 个，其中 白游侠（血 1）我出手全打完仍收不掉 ⇒ 换 大骑士 落 (1, 0) 一刀收尾（动态替补池）（收掉他场上任何一个都算赢）。
[斩杀撤人] 塔盾 出手全打完，仍收不掉 白游侠（血 1）⇒ 撤下 塔盾，换 大骑士 落 (2, 1) 收尾。
[AI替补上人前] 配方档·无预设席 ⇒ 动态替补池 47 人（前 12：伐木工、圣诞老人、毒蛇淑女、鼠队长、傀儡师、医护兵、影丸、德鲁伊、火枪手、巨剑、独脚龟、古拉博士…）
[替补] 大骑士 照着已验过的那一刀执行：走到 (4, 5) 再打 白游侠（落点 (2, 1)、开火格 (4, 5)）
[AI首发部署·配方] 槽位挑不出人且卡组为空 → 跳过本次敌方部署
[斩杀撤人] 逐个体检玩家方 1 个（我方已阵亡 1 名 ⇒ 本回合最多可撤 1 次，这是本回合第 2 次换人）：
  【白游侠】@(3, 6) 血 3
     1) 候选：动态替补池按「收尾特例」收窄成 12 人（影丸、小阴影、烛火、长剑、暗域、太阳斩、嬉皮死神、末日、猎颅者、血锁、坠炮手、宿魂）
     2) 单刀：**小阴影** 做得到 —— 落 (3, 2)、从 (3, 5) 打（它血 3，这一刀就收掉；另有 6 个替补也能收它）
[斩杀撤人] 玩家方已死 2 名（我方 AI 1 名）、玩家方场上还剩 1 个，其中 白游侠（血 3）我出手全打完仍收不掉 ⇒ 换 小阴影 落 (2, 1) 一刀收尾（动态替补池）（收掉他场上任何一个都算赢）。
[斩杀撤人] 大骑士 出手全打完，仍收不掉 白游侠（血 3）⇒ 撤下 大骑士，换 小阴影 落 (3, 2) 收尾。
[AI替补上人前] 配方档·无预设席 ⇒ 动态替补池 47 人（前 12：伐木工、圣诞老人、毒蛇淑女、鼠队长、傀儡师、医护兵、影丸、德鲁伊、火枪手、巨剑、独脚龟、古拉博士…）
[替补] 小阴影 照着已验过的那一刀执行：走到 (3, 5) 再打 白游侠（落点 (3, 2)、开火格 (3, 5)）
B|撤|例46|玩家已死1/我方已死0|玩家血[1, 3]|我方2人|可撤1次|硬门=放行|撤:塔盾→hero_24
[斩杀撤人] 逐个体检玩家方 1 个（我方已阵亡 0 名 ⇒ 本回合最多可撤 2 次）：
  【白游侠】@(1, 7) 血 3
     1) 候选：动态替补池按「收尾特例」收窄成 13 人（影丸、小阴影、烛火、长剑、大骑士、暗域、太阳斩、嬉皮死神、末日、猎颅者、血锁、坠炮手、宿魂）
     2) 单刀：**坠炮手** 做得到 —— 落 (2, 1)、从 (2, 1) 打（它血 3，这一刀就收掉；另有 1 个替补也能收它）
[斩杀撤人] 玩家方已死 2 名（我方 AI 0 名）、玩家方场上还剩 1 个，其中 白游侠（血 3）我出手全打完仍收不掉 ⇒ 换 坠炮手 落 (1, 0) 一刀收尾（动态替补池）（收掉他场上任何一个都算赢）。
[斩杀撤人] 塔盾 出手全打完，仍收不掉 白游侠（血 3）⇒ 撤下 塔盾，换 坠炮手 落 (2, 1) 收尾。
[AI替补上人前] 配方档·无预设席 ⇒ 动态替补池 47 人（前 12：伐木工、圣诞老人、毒蛇淑女、鼠队长、傀儡师、医护兵、影丸、德鲁伊、火枪手、巨剑、独脚龟、古拉博士…）
[替补] 坠炮手 照着已验过的那一刀执行：原地打 白游侠（落点 (2, 1)、开火格 (2, 1)）
[AI首发部署·配方] 槽位挑不出人且卡组为空 → 跳过本次敌方部署
B|撤|例47|玩家已死2/我方已死0|玩家血[3]|我方2人|可撤1次|硬门=放行|撤:塔盾→hero_45
[斩杀撤人] 不撤：玩家方还不够残（已死 1 名 ⇒ 要求场上最低的 2 个血量之和 ≤ 6，实际 18）—— 撤下是白送自己一个阵亡，不值得为一个满血目标赌。
B|不撤|例48|玩家已死1/我方已死1|玩家血[9, 9, 11]|我方1人|可撤1次|硬门=**该拦**|不撤
[斩杀撤人] 逐个体检玩家方 3 个（我方已阵亡 0 名 ⇒ 本回合最多可撤 2 次）：
  【白游侠】@(4, 7) 血 3
     1) 候选：动态替补池按「收尾特例」收窄成 13 人（影丸、小阴影、烛火、长剑、大骑士、暗域、太阳斩、嬉皮死神、末日、猎颅者、血锁、坠炮手、宿魂）
     2) 单刀：**坠炮手** 做得到 —— 落 (2, 1)、从 (2, 1) 打（它血 3，这一刀就收掉）
  【白游侠】@(4, 5) 血 4
     1) 候选：动态替补池按「收尾特例」收窄成 13 人（影丸、小阴影、烛火、长剑、大骑士、暗域、太阳斩、嬉皮死神、末日、猎颅者、血锁、坠炮手、宿魂）
     2) 单刀：**太阳斩** 做得到 —— 落 (3, 2)、从 (3, 5) 打（它血 4，这一刀就收掉；另有 1 个替补也能收它）
  【白游侠】@(4, 4) 血 5
     1) 候选：动态替补池按「收尾特例」收窄成 13 人（影丸、小阴影、烛火、长剑、大骑士、暗域、太阳斩、嬉皮死神、末日、猎颅者、血锁、坠炮手、宿魂）
     2) 单刀：**太阳斩** 做得到 —— 落 (2, 1)、从 (4, 3) 打（它血 5，这一刀就收掉；另有 1 个替补也能收它）
[斩杀撤人] 玩家方已死 1 名（我方 AI 0 名）、玩家方场上还剩 3 个，其中 白游侠（血 3）我出手全打完仍收不掉 ⇒ 换 坠炮手 落 (1, 0) 一刀收尾（动态替补池）（收掉他场上任何一个都算赢）。
[斩杀撤人] 塔盾 出手全打完，仍收不掉 白游侠（血 3）⇒ 撤下 塔盾，换 坠炮手 落 (2, 1) 收尾。
[AI替补上人前] 配方档·无预设席 ⇒ 动态替补池 47 人（前 12：伐木工、圣诞老人、毒蛇淑女、鼠队长、傀儡师、医护兵、影丸、德鲁伊、火枪手、巨剑、独脚龟、古拉博士…）
[替补] 坠炮手 照着已验过的那一刀执行：原地打 白游侠（落点 (2, 1)、开火格 (2, 1)）
[斩杀撤人] 逐个体检玩家方 2 个（我方已阵亡 1 名 ⇒ 本回合最多可撤 1 次，这是本回合第 2 次换人）：
  【白游侠】@(4, 5) 血 4
     1) 候选：动态替补池按「收尾特例」收窄成 12 人（影丸、小阴影、烛火、长剑、大骑士、暗域、太阳斩、嬉皮死神、末日、猎颅者、血锁、宿魂）
     2) 单刀：**小阴影** 做得到 —— 落 (3, 2)、从 (3, 5) 打（它血 4，这一刀就收掉；另有 2 个替补也能收它）
  【白游侠】@(4, 4) 血 5
     1) 候选：动态替补池按「收尾特例」收窄成 12 人（影丸、小阴影、烛火、长剑、大骑士、暗域、太阳斩、嬉皮死神、末日、猎颅者、血锁、宿魂）
     2) 单刀：**太阳斩** 做得到 —— 落 (1, 2)、从 (4, 3) 打（它血 5，这一刀就收掉；另有 1 个替补也能收它）
[斩杀撤人] 玩家方已死 2 名（我方 AI 1 名）、玩家方场上还剩 2 个，其中 白游侠（血 4）我出手全打完仍收不掉 ⇒ 换 小阴影 落 (2, 1) 一刀收尾（动态替补池）（收掉他场上任何一个都算赢）。
[斩杀撤人] 塔盾 出手全打完，仍收不掉 白游侠（血 4）⇒ 撤下 塔盾，换 小阴影 落 (3, 2) 收尾。
[AI替补上人前] 配方档·无预设席 ⇒ 动态替补池 47 人（前 12：伐木工、圣诞老人、毒蛇淑女、鼠队长、傀儡师、医护兵、影丸、德鲁伊、火枪手、塔盾、巨剑、独脚龟…）
[替补] 小阴影 照着已验过的那一刀执行：走到 (3, 5) 再打 白游侠（落点 (3, 2)、开火格 (3, 5)）
B|撤|例49|玩家已死1/我方已死0|玩家血[3, 4, 5]|我方2人|可撤1次|硬门=放行|撤:塔盾→hero_45
[斩杀撤人] 不撤：玩家方还不够残（已死 0 名 ⇒ 要求场上最低的 3 个血量之和 ≤ 9，实际 13）—— 撤下是白送自己一个阵亡，不值得为一个满血目标赌。
B|不撤|例50|玩家已死0/我方已死1|玩家血[6, 7]|我方2人|可撤1次|硬门=**该拦**|不撤
[斩杀撤人] 逐个体检玩家方 3 个（我方已阵亡 0 名 ⇒ 本回合最多可撤 2 次）：
  【白游侠】@(4, 6) 血 1
     1) 候选：动态替补池按「收尾特例」收窄成 13 人（影丸、小阴影、烛火、长剑、大骑士、暗域、太阳斩、嬉皮死神、末日、猎颅者、血锁、坠炮手、宿魂）
     2) 单刀：**大骑士** 做得到 —— 落 (2, 1)、从 (4, 5) 打（它血 1，这一刀就收掉；另有 3 个替补也能收它）
  【白游侠】@(4, 7) 血 7
     1) 候选：动态替补池按「收尾特例」收窄成 13 人（影丸、小阴影、烛火、长剑、大骑士、暗域、太阳斩、嬉皮死神、末日、猎颅者、血锁、坠炮手、宿魂）
     2) 单刀：**没人做得到**（要一刀打掉它 7 血；候选 13 人、合法落点 [(2, 1), (1, 2), (3, 2), (4, 1), (5, 2)]，谁都不行）
     3) 两刀合力：第一刀 坠炮手 削 3 ⇒ 剩下 4，第二刀 **没人做得到**
     4) 落点：候选 13 人（动态替补池，走+射上限 101 格）｜最近合法落点到它 6 格（比候选上限够 95 格）｜合法落点 [(2, 1), (1, 2), (3, 2), (4, 1), (5, 2)]
  【白游侠】@(1, 6) 血 7
     1) 候选：动态替补池按「收尾特例」收窄成 13 人（影丸、小阴影、烛火、长剑、大骑士、暗域、太阳斩、嬉皮死神、末日、猎颅者、血锁、坠炮手、宿魂）
     2) 单刀：**没人做得到**（要一刀打掉它 7 血；候选 13 人、合法落点 [(2, 1), (1, 2), (3, 2), (4, 1), (5, 2)]，谁都不行）
     3) 两刀合力：第一刀 太阳斩 削 6 ⇒ 剩下 1，第二刀 大骑士
     4) ⇒ **认这一刀**：先让 太阳斩 削 6（落 (1, 2)、从 (1, 5) 打），剩下的 1 交给 大骑士 收（**要花 2 个撤人名额**换这一个）
[斩杀撤人] 不撤：玩家方已阵亡 0 名；本回合能撤 2 次 —— 按「不同替补各收一个」最多能收 1 个 ⇒ 就算全收掉他也只到 1 名（判负线 3）—— **收不掉这一局**，不值得白送自己一个阵亡。
B|不撤|例51|玩家已死0/我方已死0|玩家血[1, 7, 7]|我方3人|可撤2次|硬门=**该拦**|不撤
[斩杀撤人] 逐个体检玩家方 1 个（我方已阵亡 0 名 ⇒ 本回合最多可撤 2 次）：
  【白游侠】@(1, 7) 血 7
     1) 候选：动态替补池按「收尾特例」收窄成 13 人（影丸、小阴影、烛火、长剑、大骑士、暗域、太阳斩、嬉皮死神、末日、猎颅者、血锁、坠炮手、宿魂）
     2) 单刀：**没人做得到**（要一刀打掉它 7 血；候选 13 人、合法落点 [(2, 1), (1, 2), (3, 2), (4, 1), (5, 2)]，谁都不行）
     3) 两刀合力：第一刀 影丸 削 5 ⇒ 剩下 2，第二刀 大骑士
     4) ⇒ **认这一刀**：先让 影丸 削 5（落 (1, 2)、从 (1, 5) 打），剩下的 2 交给 大骑士 收（**要花 2 个撤人名额**换这一个）
[斩杀撤人] 不撤：玩家方已阵亡 0 名；本回合能撤 1 次 —— 按「不同替补各收一个」最多能收 0 个 ⇒ 就算全收掉他也只到 0 名（判负线 3）—— **收不掉这一局**，不值得白送自己一个阵亡。
B|不撤|例52|玩家已死0/我方已死0|玩家血[7]|我方1人|可撤2次|硬门=**该拦**|不撤
[斩杀撤人] 逐个体检玩家方 1 个（我方已阵亡 0 名 ⇒ 本回合最多可撤 2 次）：
  【白游侠】@(5, 3) 血 4
     1) 候选：动态替补池按「收尾特例」收窄成 13 人（影丸、小阴影、烛火、长剑、大骑士、暗域、太阳斩、嬉皮死神、末日、猎颅者、血锁、坠炮手、宿魂）
     2) 单刀：**小阴影** 做得到 —— 落 (2, 1)、从 (4, 2) 打（它血 4，这一刀就收掉；另有 3 个替补也能收它）
[斩杀撤人] 不撤：玩家方已阵亡 0 名；本回合能撤 2 次 —— 按「不同替补各收一个」最多能收 1 个 ⇒ 就算全收掉他也只到 1 名（判负线 3）—— **收不掉这一局**，不值得白送自己一个阵亡。
B|不撤|例53|玩家已死0/我方已死0|玩家血[4]|我方3人|可撤2次|硬门=**该拦**|不撤
[斩杀撤人] 逐个体检玩家方 3 个（我方已阵亡 0 名 ⇒ 本回合最多可撤 2 次）：
  【白游侠】@(4, 7) 血 1
     1) 候选：动态替补池按「收尾特例」收窄成 13 人（影丸、小阴影、烛火、长剑、大骑士、暗域、太阳斩、嬉皮死神、末日、猎颅者、血锁、坠炮手、宿魂）
     2) 单刀：**大骑士** 做得到 —— 落 (2, 1)、从 (4, 6) 打（它血 1，这一刀就收掉；另有 1 个替补也能收它）
  【白游侠】@(4, 5) 血 3
     1) 候选：动态替补池按「收尾特例」收窄成 13 人（影丸、小阴影、烛火、长剑、大骑士、暗域、太阳斩、嬉皮死神、末日、猎颅者、血锁、坠炮手、宿魂）
     2) 单刀：**小阴影** 做得到 —— 落 (3, 2)、从 (4, 4) 打（它血 3，这一刀就收掉；另有 6 个替补也能收它）
  【白游侠】@(1, 6) 血 3
     1) 候选：动态替补池按「收尾特例」收窄成 13 人（影丸、小阴影、烛火、长剑、大骑士、暗域、太阳斩、嬉皮死神、末日、猎颅者、血锁、坠炮手、宿魂）
     2) 单刀：**坠炮手** 做得到 —— 落 (2, 1)、从 (2, 1) 打（它血 3，这一刀就收掉；另有 1 个替补也能收它）
[斩杀撤人] 玩家方已死 1 名（我方 AI 0 名）、玩家方场上还剩 3 个，其中 白游侠（血 1）我出手全打完仍收不掉 ⇒ 换 大骑士 落 (1, 0) 一刀收尾（动态替补池）（收掉他场上任何一个都算赢）。
[斩杀撤人] 塔盾 出手全打完，仍收不掉 白游侠（血 1）⇒ 撤下 塔盾，换 大骑士 落 (2, 1) 收尾。
[AI替补上人前] 配方档·无预设席 ⇒ 动态替补池 47 人（前 12：伐木工、圣诞老人、毒蛇淑女、鼠队长、傀儡师、医护兵、影丸、德鲁伊、火枪手、巨剑、独脚龟、古拉博士…）
[替补] 大骑士 照着已验过的那一刀执行：走到 (4, 6) 再打 白游侠（落点 (2, 1)、开火格 (4, 6)）
[斩杀撤人] 逐个体检玩家方 2 个（我方已阵亡 1 名 ⇒ 本回合最多可撤 1 次，这是本回合第 2 次换人）：
  【白游侠】@(4, 5) 血 3
     1) 候选：动态替补池按「收尾特例」收窄成 12 人（影丸、小阴影、烛火、长剑、暗域、太阳斩、嬉皮死神、末日、猎颅者、血锁、坠炮手、宿魂）
     2) 单刀：**小阴影** 做得到 —— 落 (3, 2)、从 (4, 4) 打（它血 3，这一刀就收掉；另有 6 个替补也能收它）
  【白游侠】@(1, 6) 血 3
     1) 候选：动态替补池按「收尾特例」收窄成 12 人（影丸、小阴影、烛火、长剑、暗域、太阳斩、嬉皮死神、末日、猎颅者、血锁、坠炮手、宿魂）
     2) 单刀：**坠炮手** 做得到 —— 落 (2, 1)、从 (2, 1) 打（它血 3，这一刀就收掉；另有 1 个替补也能收它）
[斩杀撤人] 玩家方已死 2 名（我方 AI 1 名）、玩家方场上还剩 2 个，其中 白游侠（血 3）我出手全打完仍收不掉 ⇒ 换 小阴影 落 (2, 1) 一刀收尾（动态替补池）（收掉他场上任何一个都算赢）。
[斩杀撤人] 大骑士 出手全打完，仍收不掉 白游侠（血 3）⇒ 撤下 大骑士，换 小阴影 落 (3, 2) 收尾。
[AI替补上人前] 配方档·无预设席 ⇒ 动态替补池 47 人（前 12：伐木工、圣诞老人、毒蛇淑女、鼠队长、傀儡师、医护兵、影丸、德鲁伊、火枪手、巨剑、独脚龟、古拉博士…）
[替补] 小阴影 照着已验过的那一刀执行：走到 (4, 4) 再打 白游侠（落点 (3, 2)、开火格 (4, 4)）
B|撤|例54|玩家已死1/我方已死0|玩家血[1, 3, 3]|我方3人|可撤1次|硬门=放行|撤:塔盾→hero_24
[斩杀撤人] 逐个体检玩家方 2 个（我方已阵亡 0 名 ⇒ 本回合最多可撤 2 次）：
  【白游侠】@(4, 7) 血 2
     1) 候选：动态替补池按「收尾特例」收窄成 13 人（影丸、小阴影、烛火、长剑、大骑士、暗域、太阳斩、嬉皮死神、末日、猎颅者、血锁、坠炮手、宿魂）
     2) 单刀：**大骑士** 做得到 —— 落 (2, 1)、从 (4, 6) 打（它血 2，这一刀就收掉；另有 1 个替补也能收它）
  【白游侠】@(1, 7) 血 11
     1) 候选：动态替补池按「收尾特例」收窄成 13 人（影丸、小阴影、烛火、长剑、大骑士、暗域、太阳斩、嬉皮死神、末日、猎颅者、血锁、坠炮手、宿魂）
     2) 单刀：**没人做得到**（要一刀打掉它 11 血；候选 13 人、合法落点 [(2, 1), (1, 2), (3, 2), (4, 1), (5, 2)]，谁都不行）
     3) 两刀合力：第一刀 影丸 削 5 ⇒ 剩下 6，第二刀 **没人做得到**
     4) 落点：候选 13 人（动态替补池，走+射上限 101 格）｜最近合法落点到它 5 格（比候选上限够 96 格）｜合法落点 [(2, 1), (1, 2), (3, 2), (4, 1), (5, 2)]
[斩杀撤人] 不撤：玩家方已阵亡 0 名；本回合能撤 2 次 —— 按「不同替补各收一个」最多能收 1 个 ⇒ 就算全收掉他也只到 1 名（判负线 3）—— **收不掉这一局**，不值得白送自己一个阵亡。
B|不撤|例55|玩家已死0/我方已死0|玩家血[2, 11]|我方2人|可撤2次|硬门=**该拦**|不撤
[斩杀撤人] 逐个体检玩家方 2 个（我方已阵亡 0 名 ⇒ 本回合最多可撤 2 次）：
  【白游侠】@(5, 6) 血 5
     1) 候选：动态替补池按「收尾特例」收窄成 13 人（影丸、小阴影、烛火、长剑、大骑士、暗域、太阳斩、嬉皮死神、末日、猎颅者、血锁、坠炮手、宿魂）
     2) 单刀：**影丸** 做得到 —— 落 (3, 2)、从 (4, 4) 打（它血 5，这一刀就收掉）
  【白游侠】@(1, 3) 血 7
     1) 候选：动态替补池按「收尾特例」收窄成 13 人（影丸、小阴影、烛火、长剑、大骑士、暗域、太阳斩、嬉皮死神、末日、猎颅者、血锁、坠炮手、宿魂）
     2) 单刀：**没人做得到**（要一刀打掉它 7 血；候选 13 人、合法落点 [(2, 1), (1, 2), (3, 2), (4, 1)]，谁都不行）
     3) 两刀合力：第一刀 太阳斩 削 6 ⇒ 剩下 1，第二刀 大骑士
     4) ⇒ **认这一刀**：先让 太阳斩 削 6（落 (2, 1)、从 (1, 2) 打），剩下的 1 交给 大骑士 收（**要花 2 个撤人名额**换这一个）
[斩杀撤人] 不撤：玩家方已阵亡 0 名；本回合能撤 2 次 —— 按「不同替补各收一个」最多能收 1 个 ⇒ 就算全收掉他也只到 1 名（判负线 3）—— **收不掉这一局**，不值得白送自己一个阵亡。
B|不撤|例56|玩家已死0/我方已死0|玩家血[5, 7]|我方3人|可撤2次|硬门=**该拦**|不撤
[斩杀撤人] 不撤：玩家方还不够残（已死 0 名 ⇒ 要求场上最低的 3 个血量之和 ≤ 9，实际 13）—— 撤下是白送自己一个阵亡，不值得为一个满血目标赌。
B|不撤|例57|玩家已死0/我方已死1|玩家血[1, 12]|我方2人|可撤1次|硬门=**该拦**|不撤
[斩杀撤人] 不撤：玩家方还不够残（已死 0 名 ⇒ 要求场上最低的 3 个血量之和 ≤ 9，实际 19）—— 撤下是白送自己一个阵亡，不值得为一个满血目标赌。
B|不撤|例58|玩家已死0/我方已死1|玩家血[3, 6, 10]|我方1人|可撤1次|硬门=**该拦**|不撤
[斩杀撤人] 不撤：玩家方还不够残（已死 1 名 ⇒ 要求场上最低的 2 个血量之和 ≤ 12，实际 13）—— 撤下是白送自己一个阵亡，不值得为一个满血目标赌。
B|不撤|例59|玩家已死1/我方已死0|玩家血[4, 9, 11]|我方2人|可撤2次|硬门=放行|不撤
B|END|违规=0 白撤=0 斩杀=20 漏判=6（硬门放行 30 例）
B|漏判样本|例9|玩家已死1/我方已死0|玩家血[2, 9, 10]|我方2人|可撤2次|硬门=放行|不撤|池里最高面板攻=5
B|漏判样本|例11|玩家已死1/我方已死0|玩家血[1, 7]|我方2人|可撤2次|硬门=放行|不撤|池里最高面板攻=5
B|漏判样本|例23|玩家已死1/我方已死0|玩家血[3, 5]|我方2人|可撤2次|硬门=放行|不撤|池里最高面板攻=5
B|漏判样本|例32|玩家已死1/我方已死0|玩家血[2, 7]|我方3人|可撤2次|硬门=放行|不撤|池里最高面板攻=5
B|漏判样本|例37|玩家已死1/我方已死0|玩家血[4, 10]|我方3人|可撤2次|硬门=放行|不撤|池里最高面板攻=5
B|漏判样本|例59|玩家已死1/我方已死0|玩家血[4, 9, 11]|我方2人|可撤2次|硬门=放行|不撤|池里最高面板攻=5
